Microchip MPLAB XC8 Compiler V3.10

Linker command line:

-W-3 \
  --edf=C:\Program Files\Microchip\xc8\v3.10\pic\dat\20250813170317_en.msgs \
  -cn -h+dist/default/production\ELE105-RobotProject.production.sym \
  --cmf=dist/default/production\ELE105-RobotProject.production.cmf -z \
  -Q18F2221 -oC:\Users\bobby\AppData\Local\Temp\xcAs6no.0\driver_tmp_3.o \
  --defsym=__MPLAB_BUILD=1 --fixupoverflow=error \
  -Mdist/default/production/ELE105-RobotProject.production.map \
  --md=C:\Users\bobby\AppData\Local\Temp\xcAs6no.0\driver_tmp_0.dat -E1 \
  -ver=XC8 Compiler -ACODE=00h-0FFFh -ACONST=00h-0FFFh \
  -ASMALLCONST=0200h-02FFhx14 -AMEDIUMCONST=0200h-0FFFh -ACOMRAM=01h-07Fh \
  -AABS1=00h-01FFh -ABIGRAM=01h-01FFh -ARAM=080h-0FFh,0100h-01FFh \
  -ABANK0=080h-0FFh -ABANK1=0100h-01FFh -ASFR=0F80h-0FFFh \
  -ABIGSFR=0F80h-0FFFh -ACONFIG=0300000h-030000Dh -AIDLOC=0200000h-0200007h \
  -AEEDATA=0F00000h-0F000FFh -peeprom_data=EEDATA \
  -preset_vec=00h,intcode=8h,intcodelo=18h,sivt_lo,sivt_hi=CODE \
  -ppowerup=CODE,init -pramtop=0200h -psmallconst=SMALLCONST \
  -pmediumconst=MEDIUMCONST -pconst=CONST -AFARRAM=00h-00h \
  -prdata=COMRAM,nvrram=COMRAM,nvbit=COMRAM,rbss=COMRAM,rbit=COMRAM \
  -pfarbss=FARRAM,fardata=FARRAM,nvFARRAM=FARRAM \
  -pintsave_regs=BIGRAM,bigbss=BIGRAM,bigdata=BIGRAM -pbss=RAM \
  -pidata=CODE,irdata=CODE,ibigdata=CODE,ifardata=CODE -prparam=COMRAM \
  C:\Users\bobby\AppData\Local\Temp\xcAs6no.0\driver_tmp_9.o \
  dist/default/production\ELE105-RobotProject.production.o 

Object code version is 3.11

Machine type is 18F2221



                Name                               Link     Load   Length Selector   Space Scale
C:\Users\bobby\AppData\Local\Temp\xcAs6no.0\driver_tmp_9.o
                config                           300000   300000        8        0       4
                init                                FFC      FFC        4      7FE       0
                reset_vec                             0        0        4        0       0
dist/default/production\ELE105-RobotProject.production.o
                config                           300000   300000        8        0       4
                smallconst                          200      200        2      100       0
                text28                              978      978       52      101       0
                text27                              8CC      8CC       5A      101       0
                text26                              A66      A66       46      101       0
                text25                              862      862       6A      101       0
                text24                              926      926       52      101       0
                text23                              7F0      7F0       72      101       0
                text22                              A18      A18       4E      101       0
                text21                              AAC      AAC       38      101       0
                text20                              C3A      C3A        A      101       0
                text19                              9CA      9CA       4E      101       0
                text18                              C08      C08        E      101       0
                text17                              C2E      C2E        C      101       0
                text16                              202      202      162      101       0
                text15                              76A      76A       86      101       0
                text14                              B48      B48       2E      101       0
                text13                              B1A      B1A       2E      101       0
                text12                              6AA      6AA       C0      101       0
                text11                              49C      49C      10C      101       0
                text10                              5A8      5A8      102      101       0
                text9                               BF4      BF4       14      101       0
                text8                               BDE      BDE       16      101       0
                text7                               BA0      BA0       26      101       0
                text6                               BC6      BC6       18      101       0
                text5                               C54      C54        8      101       0
                text4                               C4C      C4C        8      101       0
                text3                               C44      C44        8      101       0
                text2                               C22      C22        C      101       0
                text1                               B76      B76       2A      101       0
                text0                               364      364      138      101       0
                cstackCOMRAM                          1        1       27        1       1
                dataCOMRAM                           35       35        C        1       1
                bssCOMRAM                            28       28        D        1       1
                cinit                               AE4      AE4       36      101       0
                nvCOMRAM                             41       41        2        1       1
                idataCOMRAM                         C16      C16        C      101       0

TOTAL           Name                               Link     Load   Length     Space
        CLASS   CODE           
                init                                FFC      FFC        4         0
                reset_vec                             0        0        4         0
                text28                              978      978       52         0
                text27                              8CC      8CC       5A         0
                text26                              A66      A66       46         0
                text25                              862      862       6A         0
                text24                              926      926       52         0
                text23                              7F0      7F0       72         0
                text22                              A18      A18       4E         0
                text21                              AAC      AAC       38         0
                text20                              C3A      C3A        A         0
                text19                              9CA      9CA       4E         0
                text18                              C08      C08        E         0
                text17                              C2E      C2E        C         0
                text16                              202      202      162         0
                text15                              76A      76A       86         0
                text14                              B48      B48       2E         0
                text13                              B1A      B1A       2E         0
                text12                              6AA      6AA       C0         0
                text11                              49C      49C      10C         0
                text10                              5A8      5A8      102         0
                text9                               BF4      BF4       14         0
                text8                               BDE      BDE       16         0
                text7                               BA0      BA0       26         0
                text6                               BC6      BC6       18         0
                text5                               C54      C54        8         0
                text4                               C4C      C4C        8         0
                text3                               C44      C44        8         0
                text2                               C22      C22        C         0
                text1                               B76      B76       2A         0
                text0                               364      364      138         0
                cinit                               AE4      AE4       36         0
                idataCOMRAM                         C16      C16        C         0

        CLASS   CONST          

        CLASS   SMALLCONST     
                smallconst                          200      200        2         0

        CLASS   MEDIUMCONST    

        CLASS   COMRAM         
                cstackCOMRAM                          1        1       27         1
                dataCOMRAM                           35       35        C         1
                bssCOMRAM                            28       28        D         1
                nvCOMRAM                             41       41        2         1

        CLASS   ABS1           

        CLASS   BIGRAM         

        CLASS   RAM            

        CLASS   BANK0          

        CLASS   BANK1          

        CLASS   SFR            

        CLASS   BIGSFR         

        CLASS   CONFIG         
                config                           300000   300000        8         4

        CLASS   IDLOC          

        CLASS   EEDATA         

        CLASS   FARRAM         

        CLASS   HEAP           

        CLASS   STACK          



SEGMENTS        Name                           Load    Length   Top    Selector   Space  Class

                reset_vec                      000000  000004  000004         0       0  CODE    
                cstackCOMRAM                   000001  000042  000043         1       1  COMRAM  
                smallconst                     000200  000002  000202       100       0  SMALLCON
                text16                         000202  000A5A  000C5C       101       0  CODE    
                init                           000FFC  000004  001000       7FE       0  CODE    


UNUSED ADDRESS RANGES

        Name                Unused          Largest block    Delta
        BANK0            000080-0000FF               80
        BANK1            000100-0001FF              100
        BIGRAM           000043-0001FF              1BD
        BIGSFR           000F80-000FFF               80
        CODE             000004-0001FF              1FC
                         000C5C-000FFB              3A0
        COMRAM           000043-00007F               3D
        CONFIG           300008-30000D                6
        CONST            000004-0001FF              1FC
                         000C5C-000FFB              3A0
        EEDATA           F00000-F000FF              100
        IDLOC            200000-200007                8
        MEDIUMCONST      000C5C-000FFB              3A0
        RAM              000080-0001FF               80
        SFR              000F80-000FFF               80
        SMALLCONST       000C5C-000FFB              100

                                  Symbol Table

?_FollowLine                         cstackCOMRAM 000004
?_LeftDistanceSensor                 cstackCOMRAM 000001
?_LookUpRobotLineOffset              cstackCOMRAM 000001
?_ReadEncoderL                       cstackCOMRAM 000001
?_RightDistanceSensor                cstackCOMRAM 000001
?_SlowDown                           cstackCOMRAM 000009
?___awdiv                            cstackCOMRAM 000001
FlashLEDs@Flashes                    cstackCOMRAM 000007
FlashLEDs@i                          cstackCOMRAM 000009
FollowLine@e                         cstackCOMRAM 000008
FollowLine@theta                     cstackCOMRAM 00000A
I2C_Read@temp                        cstackCOMRAM 000002
I2C_Write@write                      cstackCOMRAM 000002
LeftDistanceSensor@leftSensorValue   cstackCOMRAM 000005
LookUpRobotLineOffset@inverted       cstackCOMRAM 000003
Move@Difference                      cstackCOMRAM 000009
Move@LeftSpeed                       cstackCOMRAM 00000B
Move@RightSpeed                      cstackCOMRAM 00000D
Move@Speed                           cstackCOMRAM 000007
MoveFor@CurrentPulses                cstackCOMRAM 000015
MoveFor@Difference                   cstackCOMRAM 000013
MoveFor@Pulses                       cstackCOMRAM 00000F
MoveFor@Speed                        cstackCOMRAM 000011
MovementSystem@Difference            cstackCOMRAM 000016
MovementSystem@leftSensorValue       cstackCOMRAM 000014
MovementSystem@rightSensorValue      cstackCOMRAM 000012
ReadEncoderL@pulse                   cstackCOMRAM 000004
RightDistanceSensor@rightSensorValue cstackCOMRAM 000005
SlowDown@Speed                       cstackCOMRAM 00000D
SlowDown@leftSensorValue             cstackCOMRAM 000009
SlowDown@rightSensorValue            cstackCOMRAM 00000B
Turn@CurrentPulses                   cstackCOMRAM 000015
Turn@Eighths                         cstackCOMRAM 00000F
Turn@TotalPulses                     cstackCOMRAM 000013
WaitFor@TimeSeconds                  cstackCOMRAM 000001
WaitFor@i                            cstackCOMRAM 000005
_ACKEN                               (abs)        007E2C
_ADCON0                              (abs)        000FC2
_ADCON0bits                          (abs)        000FC2
_ADCON1                              (abs)        000FC1
_ADRESH                              (abs)        000FC4
_ADRESL                              (abs)        000FC3
_CCP1CON                             (abs)        000FBD
_CCP2CON                             (abs)        000FBA
_CCPR1L                              (abs)        000FBE
_CCPR2L                              (abs)        000FBB
_ChangeLane                          text21       000AAC
_CurrentSpeed                        nvCOMRAM     000041
_FlashLEDs                           text19       0009CA
_FollowLine                          text15       00076A
_I2C_INIT                            text17       000C2E
_I2C_Initialise                      text18       000C08
_I2C_Read                            text6        000BC6
_I2C_RepeatedStart                   text5        000C54
_I2C_Start                           text4        000C4C
_I2C_Stop                            text3        000C44
_I2C_Write                           text2        000C22
_I2C_checkbus_free                   text7        000BA0
_LATAbits                            (abs)        000F89
_LATB                                (abs)        000F8A
_LATBbits                            (abs)        000F8A
_LEncoderReading                     bssCOMRAM    00002E
_LeftDistanceSensor                  text14       000B48
_LookUpRobotLineOffset               text16       000202
_Move                                text26       000A66
_MoveFor                             text24       000926
_MovementPWM                         text28       000978
_MovementSystem                      text10       0005A8
_PEN                                 (abs)        007E2A
_PORTCbits                           (abs)        000F82
_PR2                                 (abs)        000FCB
_PWM_INIT                            text8        000BDE
_RCEN                                (abs)        007E2B
_REncoderReading                     bssCOMRAM    00002C
_RSEN                                (abs)        007E29
_ReadEncoderL                        text25       000862
_RightDistanceSensor                 text13       000B1A
_SEN                                 (abs)        007E28
_SSPADD                              (abs)        000FC8
_SSPBUF                              (abs)        000FC9
_SSPCON1                             (abs)        000FC6
_SSPCON2                             (abs)        000FC5
_SSPSTAT                             (abs)        000FC7
_SetUpLEDs                           text20       000C3A
_SlowDown                            text11       00049C
_SlowDown$1353                       cstackCOMRAM 000010
_T2CON                               (abs)        000FCA
_TRISA                               (abs)        000F92
_TRISB                               (abs)        000F93
_TRISBbits                           (abs)        000F93
_TRISC                               (abs)        000F94
_Turn                                text23       0007F0
_UpdateLineData                      text1        000B76
_WaitFor                             text22       000A18
__HRAM                               (abs)        000000
__H__absolute__                      __absolute__ 000000
__Habs1                              abs1         000000
__Hbank0                             bank0        000000
__Hbank1                             bank1        000000
__Hbigbss                            bigbss       000000
__Hbigdata                           bigdata      000000
__Hbigram                            bigram       000000
__Hbigsfr                            bigsfr       000000
__Hbss                               bss          000000
__HbssCOMRAM                         bssCOMRAM    000000
__Hcinit                             cinit        000000
__Hclrtext                           clrtext      000000
__Hcomram                            comram       000000
__Hconfig                            config       300008
__Hconst                             const        000000
__HcstackCOMRAM                      cstackCOMRAM 000000
__Hdata                              data         000000
__HdataCOMRAM                        dataCOMRAM   000000
__Heeprom_data                       eeprom_data  000000
__Hfarbss                            farbss       000000
__Hfardata                           fardata      000000
__Hheap                              heap         000000
__Hibigdata                          ibigdata     000000
__Hidata                             idata        000000
__HidataCOMRAM                       idataCOMRAM  000000
__Hidloc                             idloc        000000
__Hifardata                          ifardata     000000
__Hinit                              init         001000
__Hintcode                           intcode      000008
__Hintcode_body                      intcode_body 000000
__Hintcodelo                         intcodelo    000018
__Hintentry                          intentry     000000
__Hintret                            intret       000000
__Hintsave_regs                      intsave_regs 000000
__Hirdata                            irdata       000000
__Hmediumconst                       mediumconst  000000
__HnvCOMRAM                          nvCOMRAM     000000
__HnvFARRAM                          nvFARRAM     000000
__Hnvbit                             nvbit        000000
__Hnvrram                            nvrram       000000
__Hparam                             rparam       000000
__Hpowerup                           powerup      000000
__Hram                               ram          000000
__Hramtop                            ramtop       000200
__Hrbit                              rbit         000000
__Hrbss                              rbss         000000
__Hrdata                             rdata        000000
__Hreset_vec                         reset_vec    000004
__Hrparam                            rparam       000000
__Hsfr                               sfr          000000
__Hsivt_hi                           sivt_hi      000000
__Hsivt_lo                           sivt_lo      000018
__Hsmallconst                        smallconst   000202
__Hspace_0                           (abs)        001000
__Hspace_1                           (abs)        000043
__Hspace_2                           (abs)        000000
__Hspace_4                           (abs)        600008
__Hstack                             stack        000000
__Hstruct                            struct       000000
__Htemp                              temp         000000
__Htext                              text         000000
__Htext0                             text0        000000
__Htext1                             text1        000000
__Htext10                            text10       000000
__Htext11                            text11       000000
__Htext12                            text12       000000
__Htext13                            text13       000000
__Htext14                            text14       000000
__Htext15                            text15       000000
__Htext16                            text16       000000
__Htext17                            text17       000000
__Htext18                            text18       000000
__Htext19                            text19       000000
__Htext2                             text2        000000
__Htext20                            text20       000000
__Htext21                            text21       000000
__Htext22                            text22       000000
__Htext23                            text23       000000
__Htext24                            text24       000000
__Htext25                            text25       000000
__Htext26                            text26       000000
__Htext27                            text27       000000
__Htext28                            text28       000000
__Htext3                             text3        000000
__Htext4                             text4        000000
__Htext5                             text5        000000
__Htext6                             text6        000000
__Htext7                             text7        000000
__Htext8                             text8        000000
__Htext9                             text9        000000
__LRAM                               (abs)        000001
__L__absolute__                      __absolute__ 000000
__Labs1                              abs1         000000
__Lbank0                             bank0        000000
__Lbank1                             bank1        000000
__Lbigbss                            bigbss       000000
__Lbigdata                           bigdata      000000
__Lbigram                            bigram       000000
__Lbigsfr                            bigsfr       000000
__Lbss                               bss          000000
__LbssCOMRAM                         bssCOMRAM    000000
__Lcinit                             cinit        000000
__Lclrtext                           clrtext      000000
__Lcomram                            comram       000000
__Lconfig                            config       000000
__Lconst                             const        000000
__LcstackCOMRAM                      cstackCOMRAM 000000
__Ldata                              data         000000
__LdataCOMRAM                        dataCOMRAM   000000
__Leeprom_data                       eeprom_data  000000
__Lfarbss                            farbss       000000
__Lfardata                           fardata      000000
__Lheap                              heap         000000
__Libigdata                          ibigdata     000000
__Lidata                             idata        000000
__LidataCOMRAM                       idataCOMRAM  000000
__Lidloc                             idloc        000000
__Lifardata                          ifardata     000000
__Linit                              init         000FFC
__Lintcode                           intcode      000008
__Lintcode_body                      intcode_body 000000
__Lintcodelo                         intcodelo    000018
__Lintentry                          intentry     000000
__Lintret                            intret       000000
__Lintsave_regs                      intsave_regs 000000
__Lirdata                            irdata       000000
__Lmediumconst                       mediumconst  000000
__LnvCOMRAM                          nvCOMRAM     000000
__LnvFARRAM                          nvFARRAM     000000
__Lnvbit                             nvbit        000000
__Lnvrram                            nvrram       000000
__Lparam                             rparam       000000
__Lpowerup                           powerup      000000
__Lram                               ram          000000
__Lramtop                            ramtop       000200
__Lrbit                              rbit         000000
__Lrbss                              rbss         000000
__Lrdata                             rdata        000000
__Lreset_vec                         reset_vec    000000
__Lrparam                            rparam       000000
__Lsfr                               sfr          000000
__Lsivt_hi                           sivt_hi      000000
__Lsivt_lo                           sivt_lo      000018
__Lsmallconst                        smallconst   000200
__Lspace_0                           (abs)        000000
__Lspace_1                           (abs)        000000
__Lspace_2                           (abs)        000000
__Lspace_4                           (abs)        000000
__Lstack                             stack        000000
__Lstruct                            struct       000000
__Ltemp                              temp         000000
__Ltext                              text         000000
__Ltext0                             text0        000000
__Ltext1                             text1        000000
__Ltext10                            text10       000000
__Ltext11                            text11       000000
__Ltext12                            text12       000000
__Ltext13                            text13       000000
__Ltext14                            text14       000000
__Ltext15                            text15       000000
__Ltext16                            text16       000000
__Ltext17                            text17       000000
__Ltext18                            text18       000000
__Ltext19                            text19       000000
__Ltext2                             text2        000000
__Ltext20                            text20       000000
__Ltext21                            text21       000000
__Ltext22                            text22       000000
__Ltext23                            text23       000000
__Ltext24                            text24       000000
__Ltext25                            text25       000000
__Ltext26                            text26       000000
__Ltext27                            text27       000000
__Ltext28                            text28       000000
__Ltext3                             text3        000000
__Ltext4                             text4        000000
__Ltext5                             text5        000000
__Ltext6                             text6        000000
__Ltext7                             text7        000000
__Ltext8                             text8        000000
__Ltext9                             text9        000000
__S0                                 (abs)        001000
__S1                                 (abs)        000043
__S4                                 (abs)        000000
__S5                                 (abs)        000000
___awdiv                             text12       0006AA
___awdiv@counter                     cstackCOMRAM 000005
___awdiv@dividend                    cstackCOMRAM 000001
___awdiv@divisor                     cstackCOMRAM 000003
___awdiv@quotient                    cstackCOMRAM 000007
___awdiv@sign                        cstackCOMRAM 000006
___heap_hi                           (abs)        000000
___heap_lo                           (abs)        000000
___inthi_sp                          stack        000000
___inthi_stack_hi                    stack        000000
___inthi_stack_lo                    stack        000000
___intlo_sp                          stack        000000
___intlo_stack_hi                    stack        000000
___intlo_stack_lo                    stack        000000
___param_bank                        (abs)        000000
___rparam_used                       (abs)        000001
___sp                                stack        000000
___stack_hi                          stack        000000
___stack_lo                          stack        000000
__accesstop                          (abs)        000080
__activetblptr                       (abs)        000002
__end_of_ChangeLane                  text21       000AE4
__end_of_FlashLEDs                   text19       000A18
__end_of_FollowLine                  text15       0007F0
__end_of_I2C_INIT                    text17       000C3A
__end_of_I2C_Initialise              text18       000C16
__end_of_I2C_Read                    text6        000BDE
__end_of_I2C_RepeatedStart           text5        000C5C
__end_of_I2C_Start                   text4        000C54
__end_of_I2C_Stop                    text3        000C4C
__end_of_I2C_Write                   text2        000C2E
__end_of_I2C_checkbus_free           text7        000BC6
__end_of_LeftDistanceSensor          text14       000B76
__end_of_LookUpRobotLineOffset       text16       000364
__end_of_Move                        text26       000AAC
__end_of_MoveFor                     text24       000978
__end_of_MovementPWM                 text28       0009CA
__end_of_MovementSystem              text10       0006AA
__end_of_PWM_INIT                    text8        000BF4
__end_of_ReadEncoderL                text25       0008CC
__end_of_RightDistanceSensor         text13       000B48
__end_of_SetUpLEDs                   text20       000C44
__end_of_SlowDown                    text11       0005A8
__end_of_Turn                        text23       000862
__end_of_UpdateLineData              text1        000BA0
__end_of_WaitFor                     text22       000A66
__end_of___awdiv                     text12       00076A
__end_of__initialization             cinit        000B10
__end_of_configPWM                   text9        000C08
__end_of_goforward                   text27       000926
__end_of_main                        text0        00049C
__initialization                     cinit        000AE4
__mediumconst                        smallconst   000200
__pbssCOMRAM                         bssCOMRAM    000028
__pcinit                             cinit        000AE4
__pcstackCOMRAM                      cstackCOMRAM 000001
__pdataCOMRAM                        dataCOMRAM   000035
__pidataCOMRAM                       idataCOMRAM  000C16
__pnvCOMRAM                          nvCOMRAM     000041
__psmallconst                        smallconst   000200
__ptext0                             text0        000364
__ptext1                             text1        000B76
__ptext10                            text10       0005A8
__ptext11                            text11       00049C
__ptext12                            text12       0006AA
__ptext13                            text13       000B1A
__ptext14                            text14       000B48
__ptext15                            text15       00076A
__ptext16                            text16       000202
__ptext17                            text17       000C2E
__ptext18                            text18       000C08
__ptext19                            text19       0009CA
__ptext2                             text2        000C22
__ptext20                            text20       000C3A
__ptext21                            text21       000AAC
__ptext22                            text22       000A18
__ptext23                            text23       0007F0
__ptext24                            text24       000926
__ptext25                            text25       000862
__ptext26                            text26       000A66
__ptext27                            text27       0008CC
__ptext28                            text28       000978
__ptext3                             text3        000C44
__ptext4                             text4        000C4C
__ptext5                             text5        000C54
__ptext6                             text6        000BC6
__ptext7                             text7        000BA0
__ptext8                             text8        000BDE
__ptext9                             text9        000BF4
__ramtop                             ramtop       000200
__smallconst                         smallconst   000200
_configPWM                           text9        000BF4
_disable_movement_system             bssCOMRAM    00002A
_events_position                     bssCOMRAM    000028
_goforward                           text27       0008CC
_linesensor                          bssCOMRAM    000030
_main                                text0        000364
_markspaceL                          bssCOMRAM    000033
_markspaceR                          bssCOMRAM    000031
end_of_initialization                cinit        000B10
goforward@LeftSpeed                  cstackCOMRAM 000005
goforward@RightSpeed                 cstackCOMRAM 000003
intlevel0                            text         000000
intlevel1                            text         000000
intlevel2                            text         000000
intlevel3                            text         000000
isa$std                              (abs)        000001
isa$xinst                            (abs)        000000
main@F2349                           dataCOMRAM   000035
main@events                          cstackCOMRAM 00001A
main@finished                        cstackCOMRAM 000026
stackhi                              (abs)        000000
stacklo                              (abs)        000000
start                                init         000FFC
start_initialization                 cinit        000AE4


MODULE INFORMATION

Module		Function		Class		Link	Load	Size
I2C7.c
		_I2C_RepeatedStart		CODE           	0C54	0000	8
		_UpdateLineData		CODE           	0B76	0000	42
		_I2C_Write     		CODE           	0C22	0000	12
		_I2C_checkbus_free		CODE           	0BA0	0000	38
		_I2C_Stop      		CODE           	0C44	0000	8
		_I2C_Read      		CODE           	0BC6	0000	24
		_I2C_INIT      		CODE           	0C2E	0000	12
		_I2C_Initialise		CODE           	0C08	0000	14
		_I2C_Start     		CODE           	0C4C	0000	8

I2C7.c estimated size: 166

C:\Program Files\Microchip\xc8\v3.10\pic\sources\c99\common\awdiv.c
		___awdiv       		CODE           	06AA	0000	192

C:\Program Files\Microchip\xc8\v3.10\pic\sources\c99\common\awdiv.c estimated size: 192

Main.c
		_SlowDown      		CODE           	049C	0000	268
		_Move          		CODE           	0A66	0000	70
		_LeftDistanceSensor		CODE           	0B48	0000	46
		_WaitFor       		CODE           	0A18	0000	78
		_main          		CODE           	0364	0000	312
		_SetUpLEDs     		CODE           	0C3A	0000	10
		_ChangeLane    		CODE           	0AAC	0000	56
		_FollowLine    		CODE           	076A	0000	134
		_MovementSystem		CODE           	05A8	0000	258
		_LookUpRobotLineOffset		CODE           	0202	0000	354
		_MoveFor       		CODE           	0926	0000	82
		_FlashLEDs     		CODE           	09CA	0000	78
		_ReadEncoderL  		CODE           	0862	0000	106
		_RightDistanceSensor		CODE           	0B1A	0000	46
		_Turn          		CODE           	07F0	0000	114

Main.c estimated size: 2012

shared
		__initialization		CODE           	0AE4	0000	44

shared estimated size: 44

PWM10bit_2.c
		_MovementPWM   		CODE           	0978	0000	82
		_configPWM     		CODE           	0BF4	0000	20
		_goforward     		CODE           	08CC	0000	90
		_PWM_INIT      		CODE           	0BDE	0000	22

PWM10bit_2.c estimated size: 214

