Microchip MPLAB XC8 Compiler V3.10

Linker command line:

-W-3 \
  --edf=C:\Program Files\Microchip\xc8\v3.10\pic\dat\20250813170317_en.msgs \
  -cn -h+dist/default/production\ELE105-RobotProject.production.sym \
  --cmf=dist/default/production\ELE105-RobotProject.production.cmf -z \
  -Q18F2221 -oC:\Users\cex\AppData\Local\Temp\xcAssjc.0\driver_tmp_3.o \
  --defsym=__MPLAB_BUILD=1 --fixupoverflow=error \
  -Mdist/default/production/ELE105-RobotProject.production.map \
  --md=C:\Users\cex\AppData\Local\Temp\xcAssjc.0\driver_tmp_0.dat -E1 \
  -ver=XC8 Compiler -ACODE=00h-0FFFh -ACONST=00h-0FFFh \
  -ASMALLCONST=0200h-02FFhx14 -AMEDIUMCONST=0200h-0FFFh -ACOMRAM=01h-07Fh \
  -AABS1=00h-01FFh -ABIGRAM=01h-01FFh -ARAM=080h-0FFh,0100h-01FFh \
  -ABANK0=080h-0FFh -ABANK1=0100h-01FFh -ASFR=0F80h-0FFFh \
  -ABIGSFR=0F80h-0FFFh -ACONFIG=0300000h-030000Dh -AIDLOC=0200000h-0200007h \
  -AEEDATA=0F00000h-0F000FFh -peeprom_data=EEDATA \
  -preset_vec=00h,intcode=8h,intcodelo=18h,sivt_lo,sivt_hi=CODE \
  -ppowerup=CODE,init -pramtop=0200h -psmallconst=SMALLCONST \
  -pmediumconst=MEDIUMCONST -pconst=CONST -AFARRAM=00h-00h \
  -prdata=COMRAM,nvrram=COMRAM,nvbit=COMRAM,rbss=COMRAM,rbit=COMRAM \
  -pfarbss=FARRAM,fardata=FARRAM,nvFARRAM=FARRAM \
  -pintsave_regs=BIGRAM,bigbss=BIGRAM,bigdata=BIGRAM -pbss=RAM \
  -pidata=CODE,irdata=CODE,ibigdata=CODE,ifardata=CODE -prparam=COMRAM \
  C:\Users\cex\AppData\Local\Temp\xcAssjc.0\driver_tmp_9.o \
  dist/default/production\ELE105-RobotProject.production.o 

Object code version is 3.11

Machine type is 18F2221



                Name                               Link     Load   Length Selector   Space Scale
C:\Users\cex\AppData\Local\Temp\xcAssjc.0\driver_tmp_9.o
                config                           300000   300000        8        0       4
                init                                FFC      FFC        4      7FE       0
                reset_vec                             0        0        4        0       0
dist/default/production\ELE105-RobotProject.production.o
                config                           300000   300000        8        0       4
                smallconst                          200      200        2      100       0
                text21                              742      742        E      101       0
                text20                              75C      75C        C      101       0
                text19                              202      202      14E      101       0
                text18                              350      350       86      101       0
                text17                              590      590       52      101       0
                text16                              536      536       5A      101       0
                text15                              630      630       46      101       0
                text14                              4CC      4CC       6A      101       0
                text13                              5E2      5E2       4E      101       0
                text12                              452      452       7A      101       0
                text11                              3D6      3D6       7C      101       0
                text10                              72E      72E       14      101       0
                text9                               718      718       16      101       0
                text8                               768      768        A      101       0
                text7                               6A0      6A0       26      101       0
                text6                               6EA      6EA       18      101       0
                text5                               782      782        8      101       0
                text4                               77A      77A        8      101       0
                text3                               772      772        8      101       0
                text2                               750      750        C      101       0
                text1                               676      676       2A      101       0
                text0                               6C6      6C6       24      101       0
                cstackCOMRAM                          1        1       18        1       1
                bssCOMRAM                            19       19        9        1       1
                cinit                               702      702       16      101       0
                nvCOMRAM                             22       22        2        1       1

TOTAL           Name                               Link     Load   Length     Space
        CLASS   CODE           
                init                                FFC      FFC        4         0
                reset_vec                             0        0        4         0
                text21                              742      742        E         0
                text20                              75C      75C        C         0
                text19                              202      202      14E         0
                text18                              350      350       86         0
                text17                              590      590       52         0
                text16                              536      536       5A         0
                text15                              630      630       46         0
                text14                              4CC      4CC       6A         0
                text13                              5E2      5E2       4E         0
                text12                              452      452       7A         0
                text11                              3D6      3D6       7C         0
                text10                              72E      72E       14         0
                text9                               718      718       16         0
                text8                               768      768        A         0
                text7                               6A0      6A0       26         0
                text6                               6EA      6EA       18         0
                text5                               782      782        8         0
                text4                               77A      77A        8         0
                text3                               772      772        8         0
                text2                               750      750        C         0
                text1                               676      676       2A         0
                text0                               6C6      6C6       24         0
                cinit                               702      702       16         0

        CLASS   CONST          

        CLASS   SMALLCONST     
                smallconst                          200      200        2         0

        CLASS   MEDIUMCONST    

        CLASS   COMRAM         
                cstackCOMRAM                          1        1       18         1
                bssCOMRAM                            19       19        9         1
                nvCOMRAM                             22       22        2         1

        CLASS   ABS1           

        CLASS   BIGRAM         

        CLASS   RAM            

        CLASS   BANK0          

        CLASS   BANK1          

        CLASS   SFR            

        CLASS   BIGSFR         

        CLASS   CONFIG         
                config                           300000   300000        8         4

        CLASS   IDLOC          

        CLASS   EEDATA         

        CLASS   FARRAM         

        CLASS   HEAP           

        CLASS   STACK          



SEGMENTS        Name                           Load    Length   Top    Selector   Space  Class

                reset_vec                      000000  000004  000004         0       0  CODE    
                cstackCOMRAM                   000001  000023  000024         1       1  COMRAM  
                smallconst                     000200  000002  000202       100       0  SMALLCON
                text19                         000202  000588  00078A       101       0  CODE    
                init                           000FFC  000004  001000       7FE       0  CODE    


UNUSED ADDRESS RANGES

        Name                Unused          Largest block    Delta
        BANK0            000080-0000FF               80
        BANK1            000100-0001FF              100
        BIGRAM           000024-0001FF              1DC
        BIGSFR           000F80-000FFF               80
        CODE             000004-0001FF              1FC
                         00078A-000FFB              872
        COMRAM           000024-00007F               5C
        CONFIG           300008-30000D                6
        CONST            000004-0001FF              1FC
                         00078A-000FFB              872
        EEDATA           F00000-F000FF              100
        IDLOC            200000-200007                8
        MEDIUMCONST      00078A-000FFB              872
        RAM              000080-0001FF               80
        SFR              000F80-000FFF               80
        SMALLCONST       00078A-000FFB              100

                                  Symbol Table

?_FollowLine                   cstackCOMRAM 000004
?_LookUpRobotLineOffset        cstackCOMRAM 000001
?_ReadEncoderL                 cstackCOMRAM 000001
FollowLine@e                   cstackCOMRAM 000008
FollowLine@theta               cstackCOMRAM 00000A
I2C_Read@temp                  cstackCOMRAM 000002
I2C_Write@write                cstackCOMRAM 000002
LookUpRobotLineOffset@inverted cstackCOMRAM 000003
Move@Difference                cstackCOMRAM 000009
Move@LeftSpeed                 cstackCOMRAM 00000B
Move@RightSpeed                cstackCOMRAM 00000D
Move@Speed                     cstackCOMRAM 000007
MovementSystem@Difference      cstackCOMRAM 000017
ReadEncoderL@pulse             cstackCOMRAM 000004
Turn@CurrentPulses             cstackCOMRAM 000015
Turn@Quarters                  cstackCOMRAM 00000F
Turn@TotalPulses               cstackCOMRAM 000013
WaitFor@TimeSeconds            cstackCOMRAM 000001
WaitFor@i                      cstackCOMRAM 000005
_ACKEN                         (abs)        007E2C
_ADCON1                        (abs)        000FC1
_CCP1CON                       (abs)        000FBD
_CCP2CON                       (abs)        000FBA
_CCPR1L                        (abs)        000FBE
_CCPR2L                        (abs)        000FBB
_CurrentSpeed                  nvCOMRAM     000022
_FollowLine                    text18       000350
_I2C_INIT                      text20       00075C
_I2C_Initialise                text21       000742
_I2C_Read                      text6        0006EA
_I2C_RepeatedStart             text5        000782
_I2C_Start                     text4        00077A
_I2C_Stop                      text3        000772
_I2C_Write                     text2        000750
_I2C_checkbus_free             text7        0006A0
_LATAbits                      (abs)        000F89
_LATB                          (abs)        000F8A
_LATBbits                      (abs)        000F8A
_LEncoderReading               bssCOMRAM    00001B
_LookUpRobotLineOffset         text19       000202
_Move                          text15       000630
_MovementPWM                   text17       000590
_MovementSystem                text11       0003D6
_PEN                           (abs)        007E2A
_PORTCbits                     (abs)        000F82
_PR2                           (abs)        000FCB
_PWM_INIT                      text9        000718
_RCEN                          (abs)        007E2B
_REncoderReading               bssCOMRAM    000019
_RSEN                          (abs)        007E29
_ReadEncoderL                  text14       0004CC
_SEN                           (abs)        007E28
_SSPADD                        (abs)        000FC8
_SSPBUF                        (abs)        000FC9
_SSPCON1                       (abs)        000FC6
_SSPCON2                       (abs)        000FC5
_SSPSTAT                       (abs)        000FC7
_SetUpLEDs                     text8        000768
_T2CON                         (abs)        000FCA
_TRISA                         (abs)        000F92
_TRISB                         (abs)        000F93
_TRISBbits                     (abs)        000F93
_TRISC                         (abs)        000F94
_Turn                          text12       000452
_UpdateLineData                text1        000676
_WaitFor                       text13       0005E2
__HRAM                         (abs)        000000
__H__absolute__                __absolute__ 000000
__Habs1                        abs1         000000
__Hbank0                       bank0        000000
__Hbank1                       bank1        000000
__Hbigbss                      bigbss       000000
__Hbigdata                     bigdata      000000
__Hbigram                      bigram       000000
__Hbigsfr                      bigsfr       000000
__Hbss                         bss          000000
__HbssCOMRAM                   bssCOMRAM    000000
__Hcinit                       cinit        000000
__Hclrtext                     clrtext      000000
__Hcomram                      comram       000000
__Hconfig                      config       300008
__Hconst                       const        000000
__HcstackCOMRAM                cstackCOMRAM 000000
__Hdata                        data         000000
__Heeprom_data                 eeprom_data  000000
__Hfarbss                      farbss       000000
__Hfardata                     fardata      000000
__Hheap                        heap         000000
__Hibigdata                    ibigdata     000000
__Hidata                       idata        000000
__Hidloc                       idloc        000000
__Hifardata                    ifardata     000000
__Hinit                        init         001000
__Hintcode                     intcode      000008
__Hintcode_body                intcode_body 000000
__Hintcodelo                   intcodelo    000018
__Hintentry                    intentry     000000
__Hintret                      intret       000000
__Hintsave_regs                intsave_regs 000000
__Hirdata                      irdata       000000
__Hmediumconst                 mediumconst  000000
__HnvCOMRAM                    nvCOMRAM     000000
__HnvFARRAM                    nvFARRAM     000000
__Hnvbit                       nvbit        000000
__Hnvrram                      nvrram       000000
__Hparam                       rparam       000000
__Hpowerup                     powerup      000000
__Hram                         ram          000000
__Hramtop                      ramtop       000200
__Hrbit                        rbit         000000
__Hrbss                        rbss         000000
__Hrdata                       rdata        000000
__Hreset_vec                   reset_vec    000004
__Hrparam                      rparam       000000
__Hsfr                         sfr          000000
__Hsivt_hi                     sivt_hi      000000
__Hsivt_lo                     sivt_lo      000018
__Hsmallconst                  smallconst   000202
__Hspace_0                     (abs)        001000
__Hspace_1                     (abs)        000024
__Hspace_2                     (abs)        000000
__Hspace_4                     (abs)        600008
__Hstack                       stack        000000
__Hstruct                      struct       000000
__Htemp                        temp         000000
__Htext                        text         000000
__Htext0                       text0        000000
__Htext1                       text1        000000
__Htext10                      text10       000000
__Htext11                      text11       000000
__Htext12                      text12       000000
__Htext13                      text13       000000
__Htext14                      text14       000000
__Htext15                      text15       000000
__Htext16                      text16       000000
__Htext17                      text17       000000
__Htext18                      text18       000000
__Htext19                      text19       000000
__Htext2                       text2        000000
__Htext20                      text20       000000
__Htext21                      text21       000000
__Htext3                       text3        000000
__Htext4                       text4        000000
__Htext5                       text5        000000
__Htext6                       text6        000000
__Htext7                       text7        000000
__Htext8                       text8        000000
__Htext9                       text9        000000
__LRAM                         (abs)        000001
__L__absolute__                __absolute__ 000000
__Labs1                        abs1         000000
__Lbank0                       bank0        000000
__Lbank1                       bank1        000000
__Lbigbss                      bigbss       000000
__Lbigdata                     bigdata      000000
__Lbigram                      bigram       000000
__Lbigsfr                      bigsfr       000000
__Lbss                         bss          000000
__LbssCOMRAM                   bssCOMRAM    000000
__Lcinit                       cinit        000000
__Lclrtext                     clrtext      000000
__Lcomram                      comram       000000
__Lconfig                      config       000000
__Lconst                       const        000000
__LcstackCOMRAM                cstackCOMRAM 000000
__Ldata                        data         000000
__Leeprom_data                 eeprom_data  000000
__Lfarbss                      farbss       000000
__Lfardata                     fardata      000000
__Lheap                        heap         000000
__Libigdata                    ibigdata     000000
__Lidata                       idata        000000
__Lidloc                       idloc        000000
__Lifardata                    ifardata     000000
__Linit                        init         000FFC
__Lintcode                     intcode      000008
__Lintcode_body                intcode_body 000000
__Lintcodelo                   intcodelo    000018
__Lintentry                    intentry     000000
__Lintret                      intret       000000
__Lintsave_regs                intsave_regs 000000
__Lirdata                      irdata       000000
__Lmediumconst                 mediumconst  000000
__LnvCOMRAM                    nvCOMRAM     000000
__LnvFARRAM                    nvFARRAM     000000
__Lnvbit                       nvbit        000000
__Lnvrram                      nvrram       000000
__Lparam                       rparam       000000
__Lpowerup                     powerup      000000
__Lram                         ram          000000
__Lramtop                      ramtop       000200
__Lrbit                        rbit         000000
__Lrbss                        rbss         000000
__Lrdata                       rdata        000000
__Lreset_vec                   reset_vec    000000
__Lrparam                      rparam       000000
__Lsfr                         sfr          000000
__Lsivt_hi                     sivt_hi      000000
__Lsivt_lo                     sivt_lo      000018
__Lsmallconst                  smallconst   000200
__Lspace_0                     (abs)        000000
__Lspace_1                     (abs)        000000
__Lspace_2                     (abs)        000000
__Lspace_4                     (abs)        000000
__Lstack                       stack        000000
__Lstruct                      struct       000000
__Ltemp                        temp         000000
__Ltext                        text         000000
__Ltext0                       text0        000000
__Ltext1                       text1        000000
__Ltext10                      text10       000000
__Ltext11                      text11       000000
__Ltext12                      text12       000000
__Ltext13                      text13       000000
__Ltext14                      text14       000000
__Ltext15                      text15       000000
__Ltext16                      text16       000000
__Ltext17                      text17       000000
__Ltext18                      text18       000000
__Ltext19                      text19       000000
__Ltext2                       text2        000000
__Ltext20                      text20       000000
__Ltext21                      text21       000000
__Ltext3                       text3        000000
__Ltext4                       text4        000000
__Ltext5                       text5        000000
__Ltext6                       text6        000000
__Ltext7                       text7        000000
__Ltext8                       text8        000000
__Ltext9                       text9        000000
__S0                           (abs)        001000
__S1                           (abs)        000024
__S4                           (abs)        000000
__S5                           (abs)        000000
___heap_hi                     (abs)        000000
___heap_lo                     (abs)        000000
___inthi_sp                    stack        000000
___inthi_stack_hi              stack        000000
___inthi_stack_lo              stack        000000
___intlo_sp                    stack        000000
___intlo_stack_hi              stack        000000
___intlo_stack_lo              stack        000000
___param_bank                  (abs)        000000
___rparam_used                 (abs)        000001
___sp                          stack        000000
___stack_hi                    stack        000000
___stack_lo                    stack        000000
__accesstop                    (abs)        000080
__activetblptr                 (abs)        000002
__end_of_FollowLine            text18       0003D6
__end_of_I2C_INIT              text20       000768
__end_of_I2C_Initialise        text21       000750
__end_of_I2C_Read              text6        000702
__end_of_I2C_RepeatedStart     text5        00078A
__end_of_I2C_Start             text4        000782
__end_of_I2C_Stop              text3        00077A
__end_of_I2C_Write             text2        00075C
__end_of_I2C_checkbus_free     text7        0006C6
__end_of_LookUpRobotLineOffset text19       000350
__end_of_Move                  text15       000676
__end_of_MovementPWM           text17       0005E2
__end_of_MovementSystem        text11       000452
__end_of_PWM_INIT              text9        00072E
__end_of_ReadEncoderL          text14       000536
__end_of_SetUpLEDs             text8        000772
__end_of_Turn                  text12       0004CC
__end_of_UpdateLineData        text1        0006A0
__end_of_WaitFor               text13       000630
__end_of__initialization       cinit        00070E
__end_of_configPWM             text10       000742
__end_of_goforward             text16       000590
__end_of_main                  text0        0006EA
__initialization               cinit        000702
__mediumconst                  smallconst   000200
__pbssCOMRAM                   bssCOMRAM    000019
__pcinit                       cinit        000702
__pcstackCOMRAM                cstackCOMRAM 000001
__pnvCOMRAM                    nvCOMRAM     000022
__psmallconst                  smallconst   000200
__ptext0                       text0        0006C6
__ptext1                       text1        000676
__ptext10                      text10       00072E
__ptext11                      text11       0003D6
__ptext12                      text12       000452
__ptext13                      text13       0005E2
__ptext14                      text14       0004CC
__ptext15                      text15       000630
__ptext16                      text16       000536
__ptext17                      text17       000590
__ptext18                      text18       000350
__ptext19                      text19       000202
__ptext2                       text2        000750
__ptext20                      text20       00075C
__ptext21                      text21       000742
__ptext3                       text3        000772
__ptext4                       text4        00077A
__ptext5                       text5        000782
__ptext6                       text6        0006EA
__ptext7                       text7        0006A0
__ptext8                       text8        000768
__ptext9                       text9        000718
__ramtop                       ramtop       000200
__smallconst                   smallconst   000200
_configPWM                     text10       00072E
_goforward                     text16       000536
_linesensor                    bssCOMRAM    00001D
_main                          text0        0006C6
_markspaceL                    bssCOMRAM    000020
_markspaceR                    bssCOMRAM    00001E
end_of_initialization          cinit        00070E
goforward@LeftSpeed            cstackCOMRAM 000005
goforward@RightSpeed           cstackCOMRAM 000003
intlevel0                      text         000000
intlevel1                      text         000000
intlevel2                      text         000000
intlevel3                      text         000000
isa$std                        (abs)        000001
isa$xinst                      (abs)        000000
stackhi                        (abs)        000000
stacklo                        (abs)        000000
start                          init         000FFC
start_initialization           cinit        000702


MODULE INFORMATION

Module		Function		Class		Link	Load	Size
I2C7.c
		_I2C_RepeatedStart		CODE           	0782	0000	8
		_UpdateLineData		CODE           	0676	0000	42
		_I2C_Write     		CODE           	0750	0000	12
		_I2C_checkbus_free		CODE           	06A0	0000	38
		_I2C_Stop      		CODE           	0772	0000	8
		_I2C_Read      		CODE           	06EA	0000	24
		_I2C_INIT      		CODE           	075C	0000	12
		_I2C_Initialise		CODE           	0742	0000	14
		_I2C_Start     		CODE           	077A	0000	8

I2C7.c estimated size: 166

Main.c
		_Move          		CODE           	0630	0000	70
		_WaitFor       		CODE           	05E2	0000	78
		_main          		CODE           	06C6	0000	36
		_SetUpLEDs     		CODE           	0768	0000	10
		_FollowLine    		CODE           	0350	0000	134
		_MovementSystem		CODE           	03D6	0000	124
		_LookUpRobotLineOffset		CODE           	0202	0000	334
		_ReadEncoderL  		CODE           	04CC	0000	106
		_Turn          		CODE           	0452	0000	122

Main.c estimated size: 1014

shared
		__initialization		CODE           	0702	0000	12

shared estimated size: 12

PWM10bit_2.c
		_MovementPWM   		CODE           	0590	0000	82
		_configPWM     		CODE           	072E	0000	20
		_goforward     		CODE           	0536	0000	90
		_PWM_INIT      		CODE           	0718	0000	22

PWM10bit_2.c estimated size: 214

