Microchip MPLAB XC8 Compiler V3.10

Linker command line:

-W-3 \
  --edf=C:\Program Files\Microchip\xc8\v3.10\pic\dat\20250813170317_en.msgs \
  -cn \
  -h+dist/default/production\Group37_ELE105_Group_Project.X.production.sym \
  --cmf=dist/default/production\Group37_ELE105_Group_Project.X.production.cmf \
  -z -Q18F2221 -oC:\Users\cex\AppData\Local\Temp\xcAsqz0.0\driver_tmp_3.o \
  --defsym=__MPLAB_BUILD=1 --fixupoverflow=error \
  -Mdist/default/production/Group37_ELE105_Group_Project.X.production.map \
  --md=C:\Users\cex\AppData\Local\Temp\xcAsqz0.0\driver_tmp_0.dat -E1 \
  -ver=XC8 Compiler -ACODE=00h-0FFFh -ACONST=00h-0FFFh \
  -ASMALLCONST=0200h-02FFhx14 -AMEDIUMCONST=0200h-0FFFh -ACOMRAM=01h-07Fh \
  -AABS1=00h-01FFh -ABIGRAM=01h-01FFh -ARAM=080h-0FFh,0100h-01FFh \
  -ABANK0=080h-0FFh -ABANK1=0100h-01FFh -ASFR=0F80h-0FFFh \
  -ABIGSFR=0F80h-0FFFh -ACONFIG=0300000h-030000Dh -AIDLOC=0200000h-0200007h \
  -AEEDATA=0F00000h-0F000FFh -peeprom_data=EEDATA \
  -preset_vec=00h,intcode=8h,intcodelo=18h,sivt_lo,sivt_hi=CODE \
  -ppowerup=CODE,init -pramtop=0200h -psmallconst=SMALLCONST \
  -pmediumconst=MEDIUMCONST -pconst=CONST -AFARRAM=00h-00h \
  -prdata=COMRAM,nvrram=COMRAM,nvbit=COMRAM,rbss=COMRAM,rbit=COMRAM \
  -pfarbss=FARRAM,fardata=FARRAM,nvFARRAM=FARRAM \
  -pintsave_regs=BIGRAM,bigbss=BIGRAM,bigdata=BIGRAM -pbss=RAM \
  -pidata=CODE,irdata=CODE,ibigdata=CODE,ifardata=CODE -prparam=COMRAM \
  C:\Users\cex\AppData\Local\Temp\xcAsqz0.0\driver_tmp_9.o \
  dist/default/production\Group37_ELE105_Group_Project.X.production.o 

Object code version is 3.11

Machine type is 18F2221



                Name                               Link     Load   Length Selector   Space Scale
C:\Users\cex\AppData\Local\Temp\xcAsqz0.0\driver_tmp_9.o
                config                           300000   300000        8        0       4
                init                                FFC      FFC        4      7FE       0
                reset_vec                             0        0        4        0       0
dist/default/production\Group37_ELE105_Group_Project.X.production.o
                config                           300000   300000        8        0       4
                smallconst                          200      200        2      100       0
                text15                              3AC      3AC        E      101       0
                text14                              3C6      3C6        C      101       0
                text13                              398      398       14      101       0
                text12                              382      382       16      101       0
                text11                              3D2      3D2        A      101       0
                text10                              304      304       26      101       0
                text9                               36A      36A       18      101       0
                text8                               3F4      3F4        8      101       0
                text7                               3EC      3EC        8      101       0
                text6                               3E4      3E4        8      101       0
                text5                               3BA      3BA        C      101       0
                text4                               2DA      2DA       2A      101       0
                text3                               202      202       86      101       0
                text2                               288      288       52      101       0
                text1                               34C      34C       1E      101       0
                text0                               32A      32A       22      101       0
                cstackCOMRAM                          5        5        4        1       1
                bssCOMRAM                             9        9        1        1       1
                cinit                               3DC      3DC        8      101       0
                nvCOMRAM                              1        1        4        1       1

TOTAL           Name                               Link     Load   Length     Space
        CLASS   CODE           
                init                                FFC      FFC        4         0
                reset_vec                             0        0        4         0
                text15                              3AC      3AC        E         0
                text14                              3C6      3C6        C         0
                text13                              398      398       14         0
                text12                              382      382       16         0
                text11                              3D2      3D2        A         0
                text10                              304      304       26         0
                text9                               36A      36A       18         0
                text8                               3F4      3F4        8         0
                text7                               3EC      3EC        8         0
                text6                               3E4      3E4        8         0
                text5                               3BA      3BA        C         0
                text4                               2DA      2DA       2A         0
                text3                               202      202       86         0
                text2                               288      288       52         0
                text1                               34C      34C       1E         0
                text0                               32A      32A       22         0
                cinit                               3DC      3DC        8         0

        CLASS   CONST          

        CLASS   SMALLCONST     
                smallconst                          200      200        2         0

        CLASS   MEDIUMCONST    

        CLASS   COMRAM         
                cstackCOMRAM                          5        5        4         1
                bssCOMRAM                             9        9        1         1
                nvCOMRAM                              1        1        4         1

        CLASS   ABS1           

        CLASS   BIGRAM         

        CLASS   RAM            

        CLASS   BANK0          

        CLASS   BANK1          

        CLASS   SFR            

        CLASS   BIGSFR         

        CLASS   CONFIG         
                config                           300000   300000        8         4

        CLASS   IDLOC          

        CLASS   EEDATA         

        CLASS   FARRAM         

        CLASS   HEAP           

        CLASS   STACK          



SEGMENTS        Name                           Load    Length   Top    Selector   Space  Class

                reset_vec                      000000  000004  000004         0       0  CODE    
                nvCOMRAM                       000001  000009  00000A         1       1  COMRAM  
                smallconst                     000200  000002  000202       100       0  SMALLCON
                text3                          000202  0001FA  0003FC       101       0  CODE    
                init                           000FFC  000004  001000       7FE       0  CODE    


UNUSED ADDRESS RANGES

        Name                Unused          Largest block    Delta
        BANK0            000080-0000FF               80
        BANK1            000100-0001FF              100
        BIGRAM           00000A-0001FF              1F6
        BIGSFR           000F80-000FFF               80
        CODE             000004-0001FF              1FC
                         0003FC-000FFB              C00
        COMRAM           00000A-00007F               76
        CONFIG           300008-30000D                6
        CONST            000004-0001FF              1FC
                         0003FC-000FFB              C00
        EEDATA           F00000-F000FF              100
        IDLOC            200000-200007                8
        MEDIUMCONST      0003FC-000FFB              C00
        RAM              000080-0001FF               80
        SFR              000F80-000FFF               80
        SMALLCONST       0003FC-000FFB              100

                                  Symbol Table

I2C_Read@temp              cstackCOMRAM 000006
I2C_Write@write            cstackCOMRAM 000006
_ACKEN                     (abs)        007E2C
_ADCON1                    (abs)        000FC1
_CCP1CON                   (abs)        000FBD
_CCP2CON                   (abs)        000FBA
_CCPR1L                    (abs)        000FBE
_CCPR2L                    (abs)        000FBB
_I2C_INIT                  text14       0003C6
_I2C_Initialise            text15       0003AC
_I2C_Read                  text9        00036A
_I2C_RepeatedStart         text8        0003F4
_I2C_Start                 text7        0003EC
_I2C_Stop                  text6        0003E4
_I2C_Write                 text5        0003BA
_I2C_checkbus_free         text10       000304
_LATAbits                  (abs)        000F89
_LATB                      (abs)        000F8A
_LATBbits                  (abs)        000F8A
_MovementPWM               text2        000288
_PEN                       (abs)        007E2A
_PR2                       (abs)        000FCB
_PWM_INIT                  text12       000382
_RCEN                      (abs)        007E2B
_RSEN                      (abs)        007E29
_SEN                       (abs)        007E28
_SSPADD                    (abs)        000FC8
_SSPBUF                    (abs)        000FC9
_SSPCON1                   (abs)        000FC6
_SSPCON2                   (abs)        000FC5
_SSPSTAT                   (abs)        000FC7
_SetUpLEDs                 text11       0003D2
_ShowTest                  text3        000202
_T2CON                     (abs)        000FCA
_TRISA                     (abs)        000F92
_TRISB                     (abs)        000F93
_TRISBbits                 (abs)        000F93
_TRISC                     (abs)        000F94
_UpdateLineData            text4        0002DA
__HRAM                     (abs)        000000
__H__absolute__            __absolute__ 000000
__Habs1                    abs1         000000
__Hbank0                   bank0        000000
__Hbank1                   bank1        000000
__Hbigbss                  bigbss       000000
__Hbigdata                 bigdata      000000
__Hbigram                  bigram       000000
__Hbigsfr                  bigsfr       000000
__Hbss                     bss          000000
__HbssCOMRAM               bssCOMRAM    000000
__Hcinit                   cinit        000000
__Hclrtext                 clrtext      000000
__Hcomram                  comram       000000
__Hconfig                  config       300008
__Hconst                   const        000000
__HcstackCOMRAM            cstackCOMRAM 000000
__Hdata                    data         000000
__Heeprom_data             eeprom_data  000000
__Hfarbss                  farbss       000000
__Hfardata                 fardata      000000
__Hheap                    heap         000000
__Hibigdata                ibigdata     000000
__Hidata                   idata        000000
__Hidloc                   idloc        000000
__Hifardata                ifardata     000000
__Hinit                    init         001000
__Hintcode                 intcode      000008
__Hintcode_body            intcode_body 000000
__Hintcodelo               intcodelo    000018
__Hintentry                intentry     000000
__Hintret                  intret       000000
__Hintsave_regs            intsave_regs 000000
__Hirdata                  irdata       000000
__Hmediumconst             mediumconst  000000
__HnvCOMRAM                nvCOMRAM     000000
__HnvFARRAM                nvFARRAM     000000
__Hnvbit                   nvbit        000000
__Hnvrram                  nvrram       000000
__Hparam                   rparam       000000
__Hpowerup                 powerup      000000
__Hram                     ram          000000
__Hramtop                  ramtop       000200
__Hrbit                    rbit         000000
__Hrbss                    rbss         000000
__Hrdata                   rdata        000000
__Hreset_vec               reset_vec    000004
__Hrparam                  rparam       000000
__Hsfr                     sfr          000000
__Hsivt_hi                 sivt_hi      000000
__Hsivt_lo                 sivt_lo      000018
__Hsmallconst              smallconst   000202
__Hspace_0                 (abs)        001000
__Hspace_1                 (abs)        00000A
__Hspace_2                 (abs)        000000
__Hspace_4                 (abs)        600008
__Hstack                   stack        000000
__Hstruct                  struct       000000
__Htemp                    temp         000000
__Htext                    text         000000
__Htext0                   text0        000000
__Htext1                   text1        000000
__Htext10                  text10       000000
__Htext11                  text11       000000
__Htext12                  text12       000000
__Htext13                  text13       000000
__Htext14                  text14       000000
__Htext15                  text15       000000
__Htext2                   text2        000000
__Htext3                   text3        000000
__Htext4                   text4        000000
__Htext5                   text5        000000
__Htext6                   text6        000000
__Htext7                   text7        000000
__Htext8                   text8        000000
__Htext9                   text9        000000
__LRAM                     (abs)        000001
__L__absolute__            __absolute__ 000000
__Labs1                    abs1         000000
__Lbank0                   bank0        000000
__Lbank1                   bank1        000000
__Lbigbss                  bigbss       000000
__Lbigdata                 bigdata      000000
__Lbigram                  bigram       000000
__Lbigsfr                  bigsfr       000000
__Lbss                     bss          000000
__LbssCOMRAM               bssCOMRAM    000000
__Lcinit                   cinit        000000
__Lclrtext                 clrtext      000000
__Lcomram                  comram       000000
__Lconfig                  config       000000
__Lconst                   const        000000
__LcstackCOMRAM            cstackCOMRAM 000000
__Ldata                    data         000000
__Leeprom_data             eeprom_data  000000
__Lfarbss                  farbss       000000
__Lfardata                 fardata      000000
__Lheap                    heap         000000
__Libigdata                ibigdata     000000
__Lidata                   idata        000000
__Lidloc                   idloc        000000
__Lifardata                ifardata     000000
__Linit                    init         000FFC
__Lintcode                 intcode      000008
__Lintcode_body            intcode_body 000000
__Lintcodelo               intcodelo    000018
__Lintentry                intentry     000000
__Lintret                  intret       000000
__Lintsave_regs            intsave_regs 000000
__Lirdata                  irdata       000000
__Lmediumconst             mediumconst  000000
__LnvCOMRAM                nvCOMRAM     000000
__LnvFARRAM                nvFARRAM     000000
__Lnvbit                   nvbit        000000
__Lnvrram                  nvrram       000000
__Lparam                   rparam       000000
__Lpowerup                 powerup      000000
__Lram                     ram          000000
__Lramtop                  ramtop       000200
__Lrbit                    rbit         000000
__Lrbss                    rbss         000000
__Lrdata                   rdata        000000
__Lreset_vec               reset_vec    000000
__Lrparam                  rparam       000000
__Lsfr                     sfr          000000
__Lsivt_hi                 sivt_hi      000000
__Lsivt_lo                 sivt_lo      000018
__Lsmallconst              smallconst   000200
__Lspace_0                 (abs)        000000
__Lspace_1                 (abs)        000000
__Lspace_2                 (abs)        000000
__Lspace_4                 (abs)        000000
__Lstack                   stack        000000
__Lstruct                  struct       000000
__Ltemp                    temp         000000
__Ltext                    text         000000
__Ltext0                   text0        000000
__Ltext1                   text1        000000
__Ltext10                  text10       000000
__Ltext11                  text11       000000
__Ltext12                  text12       000000
__Ltext13                  text13       000000
__Ltext14                  text14       000000
__Ltext15                  text15       000000
__Ltext2                   text2        000000
__Ltext3                   text3        000000
__Ltext4                   text4        000000
__Ltext5                   text5        000000
__Ltext6                   text6        000000
__Ltext7                   text7        000000
__Ltext8                   text8        000000
__Ltext9                   text9        000000
__S0                       (abs)        001000
__S1                       (abs)        00000A
__S4                       (abs)        000000
__S5                       (abs)        000000
___heap_hi                 (abs)        000000
___heap_lo                 (abs)        000000
___inthi_sp                stack        000000
___inthi_stack_hi          stack        000000
___inthi_stack_lo          stack        000000
___intlo_sp                stack        000000
___intlo_stack_hi          stack        000000
___intlo_stack_lo          stack        000000
___param_bank              (abs)        000000
___rparam_used             (abs)        000001
___sp                      stack        000000
___stack_hi                stack        000000
___stack_lo                stack        000000
__accesstop                (abs)        000080
__activetblptr             (abs)        000000
__end_of_I2C_INIT          text14       0003D2
__end_of_I2C_Initialise    text15       0003BA
__end_of_I2C_Read          text9        000382
__end_of_I2C_RepeatedStart text8        0003FC
__end_of_I2C_Start         text7        0003F4
__end_of_I2C_Stop          text6        0003EC
__end_of_I2C_Write         text5        0003C6
__end_of_I2C_checkbus_free text10       00032A
__end_of_MovementPWM       text2        0002DA
__end_of_PWM_INIT          text12       000398
__end_of_SetUpLEDs         text11       0003DC
__end_of_ShowTest          text3        000288
__end_of_UpdateLineData    text4        000304
__end_of__initialization   cinit        0003DE
__end_of_configPWM         text13       0003AC
__end_of_goforward         text1        00036A
__end_of_main              text0        00034C
__initialization           cinit        0003DC
__mediumconst              smallconst   000200
__pbssCOMRAM               bssCOMRAM    000009
__pcinit                   cinit        0003DC
__pcstackCOMRAM            cstackCOMRAM 000005
__pnvCOMRAM                nvCOMRAM     000001
__psmallconst              smallconst   000200
__ptext0                   text0        00032A
__ptext1                   text1        00034C
__ptext10                  text10       000304
__ptext11                  text11       0003D2
__ptext12                  text12       000382
__ptext13                  text13       000398
__ptext14                  text14       0003C6
__ptext15                  text15       0003AC
__ptext2                   text2        000288
__ptext3                   text3        000202
__ptext4                   text4        0002DA
__ptext5                   text5        0003BA
__ptext6                   text6        0003E4
__ptext7                   text7        0003EC
__ptext8                   text8        0003F4
__ptext9                   text9        00036A
__ramtop                   ramtop       000200
__smallconst               smallconst   000200
_configPWM                 text13       000398
_goforward                 text1        00034C
_linesensor                bssCOMRAM    000009
_main                      text0        00032A
_markspaceL                nvCOMRAM     000003
_markspaceR                nvCOMRAM     000001
end_of_initialization      cinit        0003DE
goforward@Speed            cstackCOMRAM 000007
intlevel0                  text         000000
intlevel1                  text         000000
intlevel2                  text         000000
intlevel3                  text         000000
isa$std                    (abs)        000001
isa$xinst                  (abs)        000000
stackhi                    (abs)        000000
stacklo                    (abs)        000000
start                      init         000FFC
start_initialization       cinit        0003DC


MODULE INFORMATION

Module		Function		Class		Link	Load	Size
I2C7.c
		_I2C_RepeatedStart		CODE           	03F4	0000	8
		_UpdateLineData		CODE           	02DA	0000	42
		_I2C_Write     		CODE           	03BA	0000	12
		_I2C_checkbus_free		CODE           	0304	0000	38
		_I2C_Stop      		CODE           	03E4	0000	8
		_I2C_Read      		CODE           	036A	0000	24
		_I2C_INIT      		CODE           	03C6	0000	12
		_I2C_Initialise		CODE           	03AC	0000	14
		_I2C_Start     		CODE           	03EC	0000	8

I2C7.c estimated size: 166

Main.c
		_main          		CODE           	032A	0000	34
		_SetUpLEDs     		CODE           	03D2	0000	10
		_ShowTest      		CODE           	0202	0000	134

Main.c estimated size: 178

shared
		__initialization		CODE           	03DC	0000	2

shared estimated size: 2

PWM10bit_2.c
		_MovementPWM   		CODE           	0288	0000	82
		_configPWM     		CODE           	0398	0000	20
		_goforward     		CODE           	034C	0000	30
		_PWM_INIT      		CODE           	0382	0000	22

PWM10bit_2.c estimated size: 154

