

Microchip MPLAB XC8 Assembler V3.10 build 20250813170317 
                                                                                               Thu Mar 12 16:54:36 2026

Microchip MPLAB XC8 C Compiler v3.10 (Free license) build 20250813170317 Og1 
     1                           	processor	18F2221
     2                           	fnconf	rparam,??,?,0
     3                           	pagewidth 120
     4                           	opt	flic
     5                           	psect	nvCOMRAM,global,class=COMRAM,space=1,delta=1,lowdata,noexec
     6                           	psect	cinit,global,reloc=2,class=CODE,space=0,delta=1
     7                           	psect	bssCOMRAM,global,class=COMRAM,space=1,delta=1,lowdata,noexec
     8                           	psect	cstackCOMRAM,global,class=COMRAM,space=1,delta=1,lowdata,noexec
     9                           	psect	text0,global,reloc=2,class=CODE,space=0,delta=1
    10                           	psect	text1,global,reloc=2,class=CODE,space=0,delta=1
    11                           	psect	text2,global,reloc=2,class=CODE,space=0,delta=1
    12                           	psect	text3,global,reloc=2,class=CODE,space=0,delta=1
    13                           	psect	text4,global,reloc=2,class=CODE,space=0,delta=1
    14                           	psect	text5,global,reloc=2,class=CODE,space=0,delta=1
    15                           	psect	text6,global,reloc=2,class=CODE,space=0,delta=1
    16                           	psect	text7,global,reloc=2,class=CODE,space=0,delta=1
    17                           	psect	text8,global,reloc=2,class=CODE,space=0,delta=1
    18                           	psect	text9,global,reloc=2,class=CODE,space=0,delta=1
    19                           	psect	text10,global,reloc=2,class=CODE,space=0,delta=1
    20                           	psect	text11,global,reloc=2,class=CODE,space=0,delta=1
    21                           	psect	text12,global,reloc=2,class=CODE,space=0,delta=1
    22                           	psect	text13,global,reloc=2,class=CODE,space=0,delta=1
    23                           	psect	text14,global,reloc=2,class=CODE,space=0,delta=1
    24                           	psect	text15,global,reloc=2,class=CODE,space=0,delta=1
    25                           	psect	smallconst,global,reloc=2,class=SMALLCONST,space=0,delta=1,noexec
    26                           	psect	intsave_regs,global,class=BIGRAM,space=1,delta=1,noexec
    27                           	psect	rparam,global,class=COMRAM,space=1,delta=1,noexec
    28                           	psect	config,global,abs,ovrld,class=CONFIG,space=4,delta=1,noexec
    29   000000                     
    30                           ; Generated 17/10/2023 GMT
    31                           ; 
    32                           ; Copyright © 2023, Microchip Technology Inc. and its subsidiaries ("Microchip")
    33                           ; All rights reserved.
    34                           ; 
    35                           ; This software is developed by Microchip Technology Inc. and its subsidiaries ("Microch
      +                          ip").
    36                           ; 
    37                           ; Redistribution and use in source and binary forms, with or without modification, are
    38                           ; permitted provided that the following conditions are met:
    39                           ; 
    40                           ;     1. Redistributions of source code must retain the above copyright notice, this lis
      +                          t of
    41                           ;        conditions and the following disclaimer.
    42                           ; 
    43                           ;     2. Redistributions in binary form must reproduce the above copyright notice, this 
      +                          list
    44                           ;        of conditions and the following disclaimer in the documentation and/or other
    45                           ;        materials provided with the distribution. Publication is not required when
    46                           ;        this file is used in an embedded application.
    47                           ; 
    48                           ;     3. Microchip's name may not be used to endorse or promote products derived from th
      +                          is
    49                           ;        software without specific prior written permission.
    50                           ; 
    51                           ; THIS SOFTWARE IS PROVIDED BY MICROCHIP "AS IS" AND ANY EXPRESS OR IMPLIED WARRANTIES,
    52                           ; INCLUDING, BUT NOT LIMITED TO, THE IMPLIED WARRANTIES OF MERCHANTABILITY AND FITNESS F
      +                          OR
    53                           ; PURPOSE ARE DISCLAIMED.  IN NO EVENT SHALL MICROCHIP BE LIABLE FOR ANY DIRECT, INDIREC
      +                          T,
    54                           ; INCIDENTAL, SPECIAL, EXEMPLARY, OR CONSEQUENTIAL DAMAGES (INCLUDING BUT NOT LIMITED TO
    55                           ; PROCUREMENT OF SUBSTITUTE GOODS OR SERVICES; LOSS OF USE, DATA OR PROFITS; OR BUSINESS
    56                           ; INTERRUPTION) HOWSOEVER CAUSED AND ON ANY THEORY OF LIABILITY, WHETHER IN CONTRACT, ST
      +                          RICT
    57                           ; LIABILITY, OR TORT (INCLUDING NEGLIGENCE OR OTHERWISE) ARISING IN ANY WAY OUT OF THE U
      +                          SE OF
    58                           ; THIS SOFTWARE, EVEN IF ADVISED OF THE POSSIBILITY OF SUCH DAMAGE.
    59                           ; 
    60                           ; 
    61                           ; Code-generator required, PIC18F2221 Definitions
    62                           ; 
    63                           ; SFR Addresses
    64   000FE0                     bsr             equ	4064
    65   000FE9                     fsr0            equ	4073
    66   000FEA                     fsr0h           equ	4074
    67   000FE9                     fsr0l           equ	4073
    68   000FE1                     fsr1            equ	4065
    69   000FE2                     fsr1h           equ	4066
    70   000FE1                     fsr1l           equ	4065
    71   000FD9                     fsr2            equ	4057
    72   000FDA                     fsr2h           equ	4058
    73   000FD9                     fsr2l           equ	4057
    74   000FEF                     indf0           equ	4079
    75   000FE7                     indf1           equ	4071
    76   000FDF                     indf2           equ	4063
    77   000FF2                     intcon          equ	4082
    78   000000                     nvmcon          equ	0
    79   000FF9                     pcl             equ	4089
    80   000FFA                     pclath          equ	4090
    81   000FFB                     pclatu          equ	4091
    82   000FEB                     plusw0          equ	4075
    83   000FE3                     plusw1          equ	4067
    84   000FDB                     plusw2          equ	4059
    85   000FED                     postdec0        equ	4077
    86   000FE5                     postdec1        equ	4069
    87   000FDD                     postdec2        equ	4061
    88   000FEE                     postinc0        equ	4078
    89   000FE6                     postinc1        equ	4070
    90   000FDE                     postinc2        equ	4062
    91   000FEC                     preinc0         equ	4076
    92   000FE4                     preinc1         equ	4068
    93   000FDC                     preinc2         equ	4060
    94   000FF3                     prod            equ	4083
    95   000FF4                     prodh           equ	4084
    96   000FF3                     prodl           equ	4083
    97   000FD8                     status          equ	4056
    98   000FF5                     tablat          equ	4085
    99   000FF6                     tblptr          equ	4086
   100   000FF7                     tblptrh         equ	4087
   101   000FF6                     tblptrl         equ	4086
   102   000FF8                     tblptru         equ	4088
   103   000FFD                     tosl            equ	4093
   104   000FE8                     wreg            equ	4072
   105   000F80                     PORTA           equ	3968	;# 
   106   000F81                     PORTB           equ	3969	;# 
   107   000F82                     PORTC           equ	3970	;# 
   108   000F84                     PORTE           equ	3972	;# 
   109   000F89                     LATA            equ	3977	;# 
   110   000F8A                     LATB            equ	3978	;# 
   111   000F8B                     LATC            equ	3979	;# 
   112   000F92                     TRISA           equ	3986	;# 
   113   000F92                     DDRA            equ	3986	;# 
   114   000F93                     TRISB           equ	3987	;# 
   115   000F93                     DDRB            equ	3987	;# 
   116   000F94                     TRISC           equ	3988	;# 
   117   000F94                     DDRC            equ	3988	;# 
   118   000F9B                     OSCTUNE         equ	3995	;# 
   119   000F9D                     PIE1            equ	3997	;# 
   120   000F9E                     PIR1            equ	3998	;# 
   121   000F9F                     IPR1            equ	3999	;# 
   122   000FA0                     PIE2            equ	4000	;# 
   123   000FA1                     PIR2            equ	4001	;# 
   124   000FA2                     IPR2            equ	4002	;# 
   125   000FA6                     EECON1          equ	4006	;# 
   126   000FA7                     EECON2          equ	4007	;# 
   127   000FA8                     EEDATA          equ	4008	;# 
   128   000FA9                     EEADR           equ	4009	;# 
   129   000FAB                     RCSTA           equ	4011	;# 
   130   000FAB                     RCSTA1          equ	4011	;# 
   131   000FAC                     TXSTA           equ	4012	;# 
   132   000FAC                     TXSTA1          equ	4012	;# 
   133   000FAD                     TXREG           equ	4013	;# 
   134   000FAD                     TXREG1          equ	4013	;# 
   135   000FAE                     RCREG           equ	4014	;# 
   136   000FAE                     RCREG1          equ	4014	;# 
   137   000FAF                     SPBRG           equ	4015	;# 
   138   000FAF                     SPBRG1          equ	4015	;# 
   139   000FB0                     SPBRGH          equ	4016	;# 
   140   000FB1                     T3CON           equ	4017	;# 
   141   000FB2                     TMR3            equ	4018	;# 
   142   000FB2                     TMR3L           equ	4018	;# 
   143   000FB3                     TMR3H           equ	4019	;# 
   144   000FB4                     CMCON           equ	4020	;# 
   145   000FB5                     CVRCON          equ	4021	;# 
   146   000FB6                     ECCP1AS         equ	4022	;# 
   147   000FB7                     ECCP1DEL        equ	4023	;# 
   148   000FB7                     PWM1CON         equ	4023	;# 
   149   000FB8                     BAUDCON         equ	4024	;# 
   150   000FB8                     BAUDCTL         equ	4024	;# 
   151   000FBA                     CCP2CON         equ	4026	;# 
   152   000FBB                     CCPR2           equ	4027	;# 
   153   000FBB                     CCPR2L          equ	4027	;# 
   154   000FBC                     CCPR2H          equ	4028	;# 
   155   000FBD                     CCP1CON         equ	4029	;# 
   156   000FBD                     ECCP1CON        equ	4029	;# 
   157   000FBE                     CCPR1           equ	4030	;# 
   158   000FBE                     CCPR1L          equ	4030	;# 
   159   000FBF                     CCPR1H          equ	4031	;# 
   160   000FC0                     ADCON2          equ	4032	;# 
   161   000FC1                     ADCON1          equ	4033	;# 
   162   000FC2                     ADCON0          equ	4034	;# 
   163   000FC3                     ADRES           equ	4035	;# 
   164   000FC3                     ADRESL          equ	4035	;# 
   165   000FC4                     ADRESH          equ	4036	;# 
   166   000FC5                     SSPCON2         equ	4037	;# 
   167   000FC6                     SSPCON1         equ	4038	;# 
   168   000FC7                     SSPSTAT         equ	4039	;# 
   169   000FC8                     SSPADD          equ	4040	;# 
   170   000FC9                     SSPBUF          equ	4041	;# 
   171   000FCA                     T2CON           equ	4042	;# 
   172   000FCB                     PR2             equ	4043	;# 
   173   000FCB                     MEMCON          equ	4043	;# 
   174   000FCC                     TMR2            equ	4044	;# 
   175   000FCD                     T1CON           equ	4045	;# 
   176   000FCE                     TMR1            equ	4046	;# 
   177   000FCE                     TMR1L           equ	4046	;# 
   178   000FCF                     TMR1H           equ	4047	;# 
   179   000FD0                     RCON            equ	4048	;# 
   180   000FD1                     WDTCON          equ	4049	;# 
   181   000FD2                     HLVDCON         equ	4050	;# 
   182   000FD2                     LVDCON          equ	4050	;# 
   183   000FD3                     OSCCON          equ	4051	;# 
   184   000FD5                     T0CON           equ	4053	;# 
   185   000FD6                     TMR0            equ	4054	;# 
   186   000FD6                     TMR0L           equ	4054	;# 
   187   000FD7                     TMR0H           equ	4055	;# 
   188   000FD8                     STATUS          equ	4056	;# 
   189   000FD9                     FSR2            equ	4057	;# 
   190   000FD9                     FSR2L           equ	4057	;# 
   191   000FDA                     FSR2H           equ	4058	;# 
   192   000FDB                     PLUSW2          equ	4059	;# 
   193   000FDC                     PREINC2         equ	4060	;# 
   194   000FDD                     POSTDEC2        equ	4061	;# 
   195   000FDE                     POSTINC2        equ	4062	;# 
   196   000FDF                     INDF2           equ	4063	;# 
   197   000FE0                     BSR             equ	4064	;# 
   198   000FE1                     FSR1            equ	4065	;# 
   199   000FE1                     FSR1L           equ	4065	;# 
   200   000FE2                     FSR1H           equ	4066	;# 
   201   000FE3                     PLUSW1          equ	4067	;# 
   202   000FE4                     PREINC1         equ	4068	;# 
   203   000FE5                     POSTDEC1        equ	4069	;# 
   204   000FE6                     POSTINC1        equ	4070	;# 
   205   000FE7                     INDF1           equ	4071	;# 
   206   000FE8                     WREG            equ	4072	;# 
   207   000FE9                     FSR0            equ	4073	;# 
   208   000FE9                     FSR0L           equ	4073	;# 
   209   000FEA                     FSR0H           equ	4074	;# 
   210   000FEB                     PLUSW0          equ	4075	;# 
   211   000FEC                     PREINC0         equ	4076	;# 
   212   000FED                     POSTDEC0        equ	4077	;# 
   213   000FEE                     POSTINC0        equ	4078	;# 
   214   000FEF                     INDF0           equ	4079	;# 
   215   000FF0                     INTCON3         equ	4080	;# 
   216   000FF1                     INTCON2         equ	4081	;# 
   217   000FF2                     INTCON          equ	4082	;# 
   218   000FF3                     PROD            equ	4083	;# 
   219   000FF3                     PRODL           equ	4083	;# 
   220   000FF4                     PRODH           equ	4084	;# 
   221   000FF5                     TABLAT          equ	4085	;# 
   222   000FF6                     TBLPTR          equ	4086	;# 
   223   000FF6                     TBLPTRL         equ	4086	;# 
   224   000FF7                     TBLPTRH         equ	4087	;# 
   225   000FF8                     TBLPTRU         equ	4088	;# 
   226   000FF9                     PCLAT           equ	4089	;# 
   227   000FF9                     PC              equ	4089	;# 
   228   000FF9                     PCL             equ	4089	;# 
   229   000FFA                     PCLATH          equ	4090	;# 
   230   000FFB                     PCLATU          equ	4091	;# 
   231   000FFC                     STKPTR          equ	4092	;# 
   232   000FFD                     TOS             equ	4093	;# 
   233   000FFD                     TOSL            equ	4093	;# 
   234   000FFE                     TOSH            equ	4094	;# 
   235   000FFF                     TOSU            equ	4095	;# 
   236   000F80                     PORTA           equ	3968	;# 
   237   000F81                     PORTB           equ	3969	;# 
   238   000F82                     PORTC           equ	3970	;# 
   239   000F84                     PORTE           equ	3972	;# 
   240   000F89                     LATA            equ	3977	;# 
   241   000F8A                     LATB            equ	3978	;# 
   242   000F8B                     LATC            equ	3979	;# 
   243   000F92                     TRISA           equ	3986	;# 
   244   000F92                     DDRA            equ	3986	;# 
   245   000F93                     TRISB           equ	3987	;# 
   246   000F93                     DDRB            equ	3987	;# 
   247   000F94                     TRISC           equ	3988	;# 
   248   000F94                     DDRC            equ	3988	;# 
   249   000F9B                     OSCTUNE         equ	3995	;# 
   250   000F9D                     PIE1            equ	3997	;# 
   251   000F9E                     PIR1            equ	3998	;# 
   252   000F9F                     IPR1            equ	3999	;# 
   253   000FA0                     PIE2            equ	4000	;# 
   254   000FA1                     PIR2            equ	4001	;# 
   255   000FA2                     IPR2            equ	4002	;# 
   256   000FA6                     EECON1          equ	4006	;# 
   257   000FA7                     EECON2          equ	4007	;# 
   258   000FA8                     EEDATA          equ	4008	;# 
   259   000FA9                     EEADR           equ	4009	;# 
   260   000FAB                     RCSTA           equ	4011	;# 
   261   000FAB                     RCSTA1          equ	4011	;# 
   262   000FAC                     TXSTA           equ	4012	;# 
   263   000FAC                     TXSTA1          equ	4012	;# 
   264   000FAD                     TXREG           equ	4013	;# 
   265   000FAD                     TXREG1          equ	4013	;# 
   266   000FAE                     RCREG           equ	4014	;# 
   267   000FAE                     RCREG1          equ	4014	;# 
   268   000FAF                     SPBRG           equ	4015	;# 
   269   000FAF                     SPBRG1          equ	4015	;# 
   270   000FB0                     SPBRGH          equ	4016	;# 
   271   000FB1                     T3CON           equ	4017	;# 
   272   000FB2                     TMR3            equ	4018	;# 
   273   000FB2                     TMR3L           equ	4018	;# 
   274   000FB3                     TMR3H           equ	4019	;# 
   275   000FB4                     CMCON           equ	4020	;# 
   276   000FB5                     CVRCON          equ	4021	;# 
   277   000FB6                     ECCP1AS         equ	4022	;# 
   278   000FB7                     ECCP1DEL        equ	4023	;# 
   279   000FB7                     PWM1CON         equ	4023	;# 
   280   000FB8                     BAUDCON         equ	4024	;# 
   281   000FB8                     BAUDCTL         equ	4024	;# 
   282   000FBA                     CCP2CON         equ	4026	;# 
   283   000FBB                     CCPR2           equ	4027	;# 
   284   000FBB                     CCPR2L          equ	4027	;# 
   285   000FBC                     CCPR2H          equ	4028	;# 
   286   000FBD                     CCP1CON         equ	4029	;# 
   287   000FBD                     ECCP1CON        equ	4029	;# 
   288   000FBE                     CCPR1           equ	4030	;# 
   289   000FBE                     CCPR1L          equ	4030	;# 
   290   000FBF                     CCPR1H          equ	4031	;# 
   291   000FC0                     ADCON2          equ	4032	;# 
   292   000FC1                     ADCON1          equ	4033	;# 
   293   000FC2                     ADCON0          equ	4034	;# 
   294   000FC3                     ADRES           equ	4035	;# 
   295   000FC3                     ADRESL          equ	4035	;# 
   296   000FC4                     ADRESH          equ	4036	;# 
   297   000FC5                     SSPCON2         equ	4037	;# 
   298   000FC6                     SSPCON1         equ	4038	;# 
   299   000FC7                     SSPSTAT         equ	4039	;# 
   300   000FC8                     SSPADD          equ	4040	;# 
   301   000FC9                     SSPBUF          equ	4041	;# 
   302   000FCA                     T2CON           equ	4042	;# 
   303   000FCB                     PR2             equ	4043	;# 
   304   000FCB                     MEMCON          equ	4043	;# 
   305   000FCC                     TMR2            equ	4044	;# 
   306   000FCD                     T1CON           equ	4045	;# 
   307   000FCE                     TMR1            equ	4046	;# 
   308   000FCE                     TMR1L           equ	4046	;# 
   309   000FCF                     TMR1H           equ	4047	;# 
   310   000FD0                     RCON            equ	4048	;# 
   311   000FD1                     WDTCON          equ	4049	;# 
   312   000FD2                     HLVDCON         equ	4050	;# 
   313   000FD2                     LVDCON          equ	4050	;# 
   314   000FD3                     OSCCON          equ	4051	;# 
   315   000FD5                     T0CON           equ	4053	;# 
   316   000FD6                     TMR0            equ	4054	;# 
   317   000FD6                     TMR0L           equ	4054	;# 
   318   000FD7                     TMR0H           equ	4055	;# 
   319   000FD8                     STATUS          equ	4056	;# 
   320   000FD9                     FSR2            equ	4057	;# 
   321   000FD9                     FSR2L           equ	4057	;# 
   322   000FDA                     FSR2H           equ	4058	;# 
   323   000FDB                     PLUSW2          equ	4059	;# 
   324   000FDC                     PREINC2         equ	4060	;# 
   325   000FDD                     POSTDEC2        equ	4061	;# 
   326   000FDE                     POSTINC2        equ	4062	;# 
   327   000FDF                     INDF2           equ	4063	;# 
   328   000FE0                     BSR             equ	4064	;# 
   329   000FE1                     FSR1            equ	4065	;# 
   330   000FE1                     FSR1L           equ	4065	;# 
   331   000FE2                     FSR1H           equ	4066	;# 
   332   000FE3                     PLUSW1          equ	4067	;# 
   333   000FE4                     PREINC1         equ	4068	;# 
   334   000FE5                     POSTDEC1        equ	4069	;# 
   335   000FE6                     POSTINC1        equ	4070	;# 
   336   000FE7                     INDF1           equ	4071	;# 
   337   000FE8                     WREG            equ	4072	;# 
   338   000FE9                     FSR0            equ	4073	;# 
   339   000FE9                     FSR0L           equ	4073	;# 
   340   000FEA                     FSR0H           equ	4074	;# 
   341   000FEB                     PLUSW0          equ	4075	;# 
   342   000FEC                     PREINC0         equ	4076	;# 
   343   000FED                     POSTDEC0        equ	4077	;# 
   344   000FEE                     POSTINC0        equ	4078	;# 
   345   000FEF                     INDF0           equ	4079	;# 
   346   000FF0                     INTCON3         equ	4080	;# 
   347   000FF1                     INTCON2         equ	4081	;# 
   348   000FF2                     INTCON          equ	4082	;# 
   349   000FF3                     PROD            equ	4083	;# 
   350   000FF3                     PRODL           equ	4083	;# 
   351   000FF4                     PRODH           equ	4084	;# 
   352   000FF5                     TABLAT          equ	4085	;# 
   353   000FF6                     TBLPTR          equ	4086	;# 
   354   000FF6                     TBLPTRL         equ	4086	;# 
   355   000FF7                     TBLPTRH         equ	4087	;# 
   356   000FF8                     TBLPTRU         equ	4088	;# 
   357   000FF9                     PCLAT           equ	4089	;# 
   358   000FF9                     PC              equ	4089	;# 
   359   000FF9                     PCL             equ	4089	;# 
   360   000FFA                     PCLATH          equ	4090	;# 
   361   000FFB                     PCLATU          equ	4091	;# 
   362   000FFC                     STKPTR          equ	4092	;# 
   363   000FFD                     TOS             equ	4093	;# 
   364   000FFD                     TOSL            equ	4093	;# 
   365   000FFE                     TOSH            equ	4094	;# 
   366   000FFF                     TOSU            equ	4095	;# 
   367   000F80                     PORTA           equ	3968	;# 
   368   000F81                     PORTB           equ	3969	;# 
   369   000F82                     PORTC           equ	3970	;# 
   370   000F84                     PORTE           equ	3972	;# 
   371   000F89                     LATA            equ	3977	;# 
   372   000F8A                     LATB            equ	3978	;# 
   373   000F8B                     LATC            equ	3979	;# 
   374   000F92                     TRISA           equ	3986	;# 
   375   000F92                     DDRA            equ	3986	;# 
   376   000F93                     TRISB           equ	3987	;# 
   377   000F93                     DDRB            equ	3987	;# 
   378   000F94                     TRISC           equ	3988	;# 
   379   000F94                     DDRC            equ	3988	;# 
   380   000F9B                     OSCTUNE         equ	3995	;# 
   381   000F9D                     PIE1            equ	3997	;# 
   382   000F9E                     PIR1            equ	3998	;# 
   383   000F9F                     IPR1            equ	3999	;# 
   384   000FA0                     PIE2            equ	4000	;# 
   385   000FA1                     PIR2            equ	4001	;# 
   386   000FA2                     IPR2            equ	4002	;# 
   387   000FA6                     EECON1          equ	4006	;# 
   388   000FA7                     EECON2          equ	4007	;# 
   389   000FA8                     EEDATA          equ	4008	;# 
   390   000FA9                     EEADR           equ	4009	;# 
   391   000FAB                     RCSTA           equ	4011	;# 
   392   000FAB                     RCSTA1          equ	4011	;# 
   393   000FAC                     TXSTA           equ	4012	;# 
   394   000FAC                     TXSTA1          equ	4012	;# 
   395   000FAD                     TXREG           equ	4013	;# 
   396   000FAD                     TXREG1          equ	4013	;# 
   397   000FAE                     RCREG           equ	4014	;# 
   398   000FAE                     RCREG1          equ	4014	;# 
   399   000FAF                     SPBRG           equ	4015	;# 
   400   000FAF                     SPBRG1          equ	4015	;# 
   401   000FB0                     SPBRGH          equ	4016	;# 
   402   000FB1                     T3CON           equ	4017	;# 
   403   000FB2                     TMR3            equ	4018	;# 
   404   000FB2                     TMR3L           equ	4018	;# 
   405   000FB3                     TMR3H           equ	4019	;# 
   406   000FB4                     CMCON           equ	4020	;# 
   407   000FB5                     CVRCON          equ	4021	;# 
   408   000FB6                     ECCP1AS         equ	4022	;# 
   409   000FB7                     ECCP1DEL        equ	4023	;# 
   410   000FB7                     PWM1CON         equ	4023	;# 
   411   000FB8                     BAUDCON         equ	4024	;# 
   412   000FB8                     BAUDCTL         equ	4024	;# 
   413   000FBA                     CCP2CON         equ	4026	;# 
   414   000FBB                     CCPR2           equ	4027	;# 
   415   000FBB                     CCPR2L          equ	4027	;# 
   416   000FBC                     CCPR2H          equ	4028	;# 
   417   000FBD                     CCP1CON         equ	4029	;# 
   418   000FBD                     ECCP1CON        equ	4029	;# 
   419   000FBE                     CCPR1           equ	4030	;# 
   420   000FBE                     CCPR1L          equ	4030	;# 
   421   000FBF                     CCPR1H          equ	4031	;# 
   422   000FC0                     ADCON2          equ	4032	;# 
   423   000FC1                     ADCON1          equ	4033	;# 
   424   000FC2                     ADCON0          equ	4034	;# 
   425   000FC3                     ADRES           equ	4035	;# 
   426   000FC3                     ADRESL          equ	4035	;# 
   427   000FC4                     ADRESH          equ	4036	;# 
   428   000FC5                     SSPCON2         equ	4037	;# 
   429   000FC6                     SSPCON1         equ	4038	;# 
   430   000FC7                     SSPSTAT         equ	4039	;# 
   431   000FC8                     SSPADD          equ	4040	;# 
   432   000FC9                     SSPBUF          equ	4041	;# 
   433   000FCA                     T2CON           equ	4042	;# 
   434   000FCB                     PR2             equ	4043	;# 
   435   000FCB                     MEMCON          equ	4043	;# 
   436   000FCC                     TMR2            equ	4044	;# 
   437   000FCD                     T1CON           equ	4045	;# 
   438   000FCE                     TMR1            equ	4046	;# 
   439   000FCE                     TMR1L           equ	4046	;# 
   440   000FCF                     TMR1H           equ	4047	;# 
   441   000FD0                     RCON            equ	4048	;# 
   442   000FD1                     WDTCON          equ	4049	;# 
   443   000FD2                     HLVDCON         equ	4050	;# 
   444   000FD2                     LVDCON          equ	4050	;# 
   445   000FD3                     OSCCON          equ	4051	;# 
   446   000FD5                     T0CON           equ	4053	;# 
   447   000FD6                     TMR0            equ	4054	;# 
   448   000FD6                     TMR0L           equ	4054	;# 
   449   000FD7                     TMR0H           equ	4055	;# 
   450   000FD8                     STATUS          equ	4056	;# 
   451   000FD9                     FSR2            equ	4057	;# 
   452   000FD9                     FSR2L           equ	4057	;# 
   453   000FDA                     FSR2H           equ	4058	;# 
   454   000FDB                     PLUSW2          equ	4059	;# 
   455   000FDC                     PREINC2         equ	4060	;# 
   456   000FDD                     POSTDEC2        equ	4061	;# 
   457   000FDE                     POSTINC2        equ	4062	;# 
   458   000FDF                     INDF2           equ	4063	;# 
   459   000FE0                     BSR             equ	4064	;# 
   460   000FE1                     FSR1            equ	4065	;# 
   461   000FE1                     FSR1L           equ	4065	;# 
   462   000FE2                     FSR1H           equ	4066	;# 
   463   000FE3                     PLUSW1          equ	4067	;# 
   464   000FE4                     PREINC1         equ	4068	;# 
   465   000FE5                     POSTDEC1        equ	4069	;# 
   466   000FE6                     POSTINC1        equ	4070	;# 
   467   000FE7                     INDF1           equ	4071	;# 
   468   000FE8                     WREG            equ	4072	;# 
   469   000FE9                     FSR0            equ	4073	;# 
   470   000FE9                     FSR0L           equ	4073	;# 
   471   000FEA                     FSR0H           equ	4074	;# 
   472   000FEB                     PLUSW0          equ	4075	;# 
   473   000FEC                     PREINC0         equ	4076	;# 
   474   000FED                     POSTDEC0        equ	4077	;# 
   475   000FEE                     POSTINC0        equ	4078	;# 
   476   000FEF                     INDF0           equ	4079	;# 
   477   000FF0                     INTCON3         equ	4080	;# 
   478   000FF1                     INTCON2         equ	4081	;# 
   479   000FF2                     INTCON          equ	4082	;# 
   480   000FF3                     PROD            equ	4083	;# 
   481   000FF3                     PRODL           equ	4083	;# 
   482   000FF4                     PRODH           equ	4084	;# 
   483   000FF5                     TABLAT          equ	4085	;# 
   484   000FF6                     TBLPTR          equ	4086	;# 
   485   000FF6                     TBLPTRL         equ	4086	;# 
   486   000FF7                     TBLPTRH         equ	4087	;# 
   487   000FF8                     TBLPTRU         equ	4088	;# 
   488   000FF9                     PCLAT           equ	4089	;# 
   489   000FF9                     PC              equ	4089	;# 
   490   000FF9                     PCL             equ	4089	;# 
   491   000FFA                     PCLATH          equ	4090	;# 
   492   000FFB                     PCLATU          equ	4091	;# 
   493   000FFC                     STKPTR          equ	4092	;# 
   494   000FFD                     TOS             equ	4093	;# 
   495   000FFD                     TOSL            equ	4093	;# 
   496   000FFE                     TOSH            equ	4094	;# 
   497   000FFF                     TOSU            equ	4095	;# 
   498                           
   499                           	psect	nvCOMRAM
   500   000001                     __pnvCOMRAM:
   501                           	callstack 0
   502   000001                     _markspaceR:
   503                           	callstack 0
   504   000001                     	ds	2
   505   000003                     _markspaceL:
   506                           	callstack 0
   507   000003                     	ds	2
   508   007E2C                     _ACKEN          set	32300
   509   007E2B                     _RCEN           set	32299
   510   007E2A                     _PEN            set	32298
   511   007E29                     _RSEN           set	32297
   512   007E28                     _SEN            set	32296
   513   000F93                     _TRISBbits      set	3987
   514   000FC9                     _SSPBUF         set	4041
   515   000FC7                     _SSPSTAT        set	4039
   516   000FC8                     _SSPADD         set	4040
   517   000FC5                     _SSPCON2        set	4037
   518   000FC6                     _SSPCON1        set	4038
   519   000FBB                     _CCPR2L         set	4027
   520   000FBE                     _CCPR1L         set	4030
   521   000FBA                     _CCP2CON        set	4026
   522   000FBD                     _CCP1CON        set	4029
   523   000FCA                     _T2CON          set	4042
   524   000FCB                     _PR2            set	4043
   525   000F8A                     _LATBbits       set	3978
   526   000F89                     _LATAbits       set	3977
   527   000F8A                     _LATB           set	3978
   528   000F94                     _TRISC          set	3988
   529   000F93                     _TRISB          set	3987
   530   000F92                     _TRISA          set	3986
   531   000FC1                     _ADCON1         set	4033
   532                           
   533                           ; #config settings
   534                           
   535                           	psect	cinit
   536   0003DC                     __pcinit:
   537                           	callstack 0
   538   0003DC                     start_initialization:
   539                           	callstack 0
   540   0003DC                     __initialization:
   541                           	callstack 0
   542                           
   543                           ; Clear objects allocated to COMRAM (1 bytes)
   544   0003DC  6A09               	clrf	__pbssCOMRAM& (0+255),c
   545   0003DE                     end_of_initialization:
   546                           	callstack 0
   547   0003DE                     __end_of__initialization:
   548                           	callstack 0
   549   0003DE  0100               	movlb	0
   550   0003E0  EF95  F001         	goto	_main	;jump to C main() function
   551                           
   552                           	psect	bssCOMRAM
   553   000009                     __pbssCOMRAM:
   554                           	callstack 0
   555   000009                     _linesensor:
   556                           	callstack 0
   557   000009                     	ds	1
   558                           
   559                           	psect	cstackCOMRAM
   560   000005                     __pcstackCOMRAM:
   561                           	callstack 0
   562   000005                     ??_MovementPWM:
   563   000005                     ??_I2C_checkbus_free:
   564   000005                     
   565                           ; 1 bytes @ 0x0
   566   000005                     	ds	1
   567   000006                     I2C_Write@write:
   568                           	callstack 0
   569   000006                     I2C_Read@temp:
   570                           	callstack 0
   571   000006                     
   572                           ; 1 bytes @ 0x1
   573   000006                     	ds	1
   574   000007                     goforward@Speed:
   575                           	callstack 0
   576   000007                     ??_ShowTest:
   577                           
   578                           ; 1 bytes @ 0x2
   579   000007                     	ds	2
   580   000009                     
   581                           ; 1 bytes @ 0x4
   582 ;;
   583 ;;Main: autosize = 0, tempsize = 0, incstack = 0, save=0
   584 ;;
   585 ;; *************** function _main *****************
   586 ;; Defined at:
   587 ;;		line 55 in file "Main.c"
   588 ;; Parameters:    Size  Location     Type
   589 ;;		None
   590 ;; Auto vars:     Size  Location     Type
   591 ;;  Speed           2    0        unsigned int 
   592 ;; Return value:  Size  Location     Type
   593 ;;                  2  164[None  ] int 
   594 ;; Registers used:
   595 ;;		wreg, status,2, status,0, cstack
   596 ;; Tracked objects:
   597 ;;		On entry : 0/0
   598 ;;		On exit  : 0/0
   599 ;;		Unchanged: 0/0
   600 ;; Data sizes:     COMRAM   BANK0   BANK1
   601 ;;      Params:         0       0       0
   602 ;;      Locals:         0       0       0
   603 ;;      Temps:          0       0       0
   604 ;;      Totals:         0       0       0
   605 ;;Total ram usage:        0 bytes
   606 ;; Hardware stack levels required when called: 4
   607 ;; This function calls:
   608 ;;		_I2C_INIT
   609 ;;		_PWM_INIT
   610 ;;		_SetUpLEDs
   611 ;;		_ShowTest
   612 ;;		_goforward
   613 ;; This function is called by:
   614 ;;		Startup code after reset
   615 ;; This function uses a non-reentrant model
   616 ;;
   617                           
   618                           	psect	text0
   619   00032A                     __ptext0:
   620                           	callstack 0
   621   00032A                     _main:
   622                           	callstack 27
   623   00032A                     
   624                           ;Main.c: 58:     I2C_INIT();
   625   00032A  ECE3  F001         	call	_I2C_INIT	;wreg free
   626                           
   627                           ;Main.c: 59:     PWM_INIT();
   628   00032E  ECC1  F001         	call	_PWM_INIT	;wreg free
   629   000332                     
   630                           ;Main.c: 60:     SetUpLEDs();
   631   000332  ECE9  F001         	call	_SetUpLEDs	;wreg free
   632   000336                     l165:
   633   000336                     
   634                           ;Main.c: 64:         goforward(Speed);
   635   000336  6A08               	clrf	(goforward@Speed+1)^0,c
   636   000338  0EC8               	movlw	200
   637   00033A  6E07               	movwf	goforward@Speed^0,c
   638   00033C  ECA6  F001         	call	_goforward	;wreg free
   639   000340                     
   640                           ;Main.c: 66:         ShowTest();
   641   000340  EC01  F001         	call	_ShowTest	;wreg free
   642   000344  EF9B  F001         	goto	l165
   643   000348  EFFE  F007         	goto	start
   644   00034C                     __end_of_main:
   645                           	callstack 0
   646                           
   647 ;; *************** function _goforward *****************
   648 ;; Defined at:
   649 ;;		line 47 in file "PWM10bit_2.c"
   650 ;; Parameters:    Size  Location     Type
   651 ;;  Speed           2    2[COMRAM] unsigned int 
   652 ;; Auto vars:     Size  Location     Type
   653 ;;		None
   654 ;; Return value:  Size  Location     Type
   655 ;;                  1    wreg      void 
   656 ;; Registers used:
   657 ;;		wreg, status,2, status,0, cstack
   658 ;; Tracked objects:
   659 ;;		On entry : 0/0
   660 ;;		On exit  : 0/0
   661 ;;		Unchanged: 0/0
   662 ;; Data sizes:     COMRAM   BANK0   BANK1
   663 ;;      Params:         2       0       0
   664 ;;      Locals:         0       0       0
   665 ;;      Temps:          0       0       0
   666 ;;      Totals:         2       0       0
   667 ;;Total ram usage:        2 bytes
   668 ;; Hardware stack levels used: 1
   669 ;; Hardware stack levels required when called: 1
   670 ;; This function calls:
   671 ;;		_MovementPWM
   672 ;; This function is called by:
   673 ;;		_main
   674 ;; This function uses a non-reentrant model
   675 ;;
   676                           
   677                           	psect	text1
   678   00034C                     __ptext1:
   679                           	callstack 0
   680   00034C                     _goforward:
   681                           	callstack 29
   682   00034C                     
   683                           ;PWM10bit_2.c: 49: 
   684   00034C  C007  F003         	movff	goforward@Speed,_markspaceL
   685   000350  C008  F004         	movff	goforward@Speed+1,_markspaceL+1
   686                           
   687                           ;PWM10bit_2.c: 50: 
   688   000354  C007  F001         	movff	goforward@Speed,_markspaceR
   689   000358  C008  F002         	movff	goforward@Speed+1,_markspaceR+1
   690                           
   691                           ;PWM10bit_2.c: 52: 
   692   00035C  9889               	bcf	137,4,c	;volatile
   693                           
   694                           ;PWM10bit_2.c: 53: void MovementPWM(void){
   695   00035E  8A89               	bsf	137,5,c	;volatile
   696                           
   697                           ;PWM10bit_2.c: 54:     CCP1CON = (0x0c)|((markspaceL&0x03)<<4);
   698   000360  908A               	bcf	138,0,c	;volatile
   699                           
   700                           ;PWM10bit_2.c: 55:     CCPR1L = markspaceL>>2;
   701   000362  828A               	bsf	138,1,c	;volatile
   702   000364                     
   703                           ;PWM10bit_2.c: 56:     CCP2CON = (0x0c)|((markspaceR&0x03)<<4);
   704   000364  EC44  F001         	call	_MovementPWM	;wreg free
   705   000368  0012               	return		;funcret
   706   00036A                     __end_of_goforward:
   707                           	callstack 0
   708                           
   709 ;; *************** function _MovementPWM *****************
   710 ;; Defined at:
   711 ;;		line 74 in file "PWM10bit_2.c"
   712 ;; Parameters:    Size  Location     Type
   713 ;;		None
   714 ;; Auto vars:     Size  Location     Type
   715 ;;		None
   716 ;; Return value:  Size  Location     Type
   717 ;;                  1    wreg      void 
   718 ;; Registers used:
   719 ;;		wreg, status,2, status,0
   720 ;; Tracked objects:
   721 ;;		On entry : 0/0
   722 ;;		On exit  : 0/0
   723 ;;		Unchanged: 0/0
   724 ;; Data sizes:     COMRAM   BANK0   BANK1
   725 ;;      Params:         0       0       0
   726 ;;      Locals:         0       0       0
   727 ;;      Temps:          2       0       0
   728 ;;      Totals:         2       0       0
   729 ;;Total ram usage:        2 bytes
   730 ;; Hardware stack levels used: 1
   731 ;; This function calls:
   732 ;;		Nothing
   733 ;; This function is called by:
   734 ;;		_goforward
   735 ;; This function uses a non-reentrant model
   736 ;;
   737                           
   738                           	psect	text2
   739   000288                     __ptext2:
   740                           	callstack 0
   741   000288                     _MovementPWM:
   742                           	callstack 29
   743   000288  C003  F005         	movff	_markspaceL,??_MovementPWM
   744   00028C  0E03               	movlw	3
   745   00028E  1605               	andwf	??_MovementPWM^0,f,c
   746   000290  3805               	swapf	??_MovementPWM^0,w,c
   747   000292  0BF0               	andlw	240
   748   000294  090C               	iorlw	12
   749   000296  6EBD               	movwf	189,c	;volatile
   750   000298  C003  F005         	movff	_markspaceL,??_MovementPWM
   751   00029C  C004  F006         	movff	_markspaceL+1,??_MovementPWM+1
   752   0002A0  90D8               	bcf	status,0,c
   753   0002A2  3206               	rrcf	(??_MovementPWM+1)^0,f,c
   754   0002A4  3205               	rrcf	??_MovementPWM^0,f,c
   755   0002A6  90D8               	bcf	status,0,c
   756   0002A8  3206               	rrcf	(??_MovementPWM+1)^0,f,c
   757   0002AA  3205               	rrcf	??_MovementPWM^0,f,c
   758   0002AC  5005               	movf	??_MovementPWM^0,w,c
   759   0002AE  6EBE               	movwf	190,c	;volatile
   760   0002B0  C001  F005         	movff	_markspaceR,??_MovementPWM
   761   0002B4  0E03               	movlw	3
   762   0002B6  1605               	andwf	??_MovementPWM^0,f,c
   763   0002B8  3805               	swapf	??_MovementPWM^0,w,c
   764   0002BA  0BF0               	andlw	240
   765   0002BC  090C               	iorlw	12
   766   0002BE  6EBA               	movwf	186,c	;volatile
   767   0002C0  C001  F005         	movff	_markspaceR,??_MovementPWM
   768   0002C4  C002  F006         	movff	_markspaceR+1,??_MovementPWM+1
   769   0002C8  90D8               	bcf	status,0,c
   770   0002CA  3206               	rrcf	(??_MovementPWM+1)^0,f,c
   771   0002CC  3205               	rrcf	??_MovementPWM^0,f,c
   772   0002CE  90D8               	bcf	status,0,c
   773   0002D0  3206               	rrcf	(??_MovementPWM+1)^0,f,c
   774   0002D2  3205               	rrcf	??_MovementPWM^0,f,c
   775   0002D4  5005               	movf	??_MovementPWM^0,w,c
   776   0002D6  6EBB               	movwf	187,c	;volatile
   777   0002D8  0012               	return		;funcret
   778   0002DA                     __end_of_MovementPWM:
   779                           	callstack 0
   780                           
   781 ;; *************** function _ShowTest *****************
   782 ;; Defined at:
   783 ;;		line 47 in file "Main.c"
   784 ;; Parameters:    Size  Location     Type
   785 ;;		None
   786 ;; Auto vars:     Size  Location     Type
   787 ;;		None
   788 ;; Return value:  Size  Location     Type
   789 ;;                  1    wreg      void 
   790 ;; Registers used:
   791 ;;		wreg, status,2, status,0, cstack
   792 ;; Tracked objects:
   793 ;;		On entry : 0/0
   794 ;;		On exit  : 0/0
   795 ;;		Unchanged: 0/0
   796 ;; Data sizes:     COMRAM   BANK0   BANK1
   797 ;;      Params:         0       0       0
   798 ;;      Locals:         0       0       0
   799 ;;      Temps:          2       0       0
   800 ;;      Totals:         2       0       0
   801 ;;Total ram usage:        2 bytes
   802 ;; Hardware stack levels used: 1
   803 ;; Hardware stack levels required when called: 3
   804 ;; This function calls:
   805 ;;		_UpdateLineData
   806 ;; This function is called by:
   807 ;;		_main
   808 ;; This function uses a non-reentrant model
   809 ;;
   810                           
   811                           	psect	text3
   812   000202                     __ptext3:
   813                           	callstack 0
   814   000202                     _ShowTest:
   815                           	callstack 27
   816   000202                     
   817                           ;Main.c: 48:     UpdateLineData();
   818   000202  EC6D  F001         	call	_UpdateLineData	;wreg free
   819   000206                     
   820                           ;Main.c: 49:     LATBbits.LB2 = (linesensor >> 2) & 1;
   821   000206  C009  F007         	movff	_linesensor,??_ShowTest
   822   00020A  90D8               	bcf	status,0,c
   823   00020C  3207               	rrcf	??_ShowTest^0,f,c
   824   00020E  90D8               	bcf	status,0,c
   825   000210  3207               	rrcf	??_ShowTest^0,f,c
   826   000212  0E01               	movlw	1
   827   000214  1607               	andwf	??_ShowTest^0,f,c
   828   000216  4607               	rlncf	??_ShowTest^0,f,c
   829   000218  4607               	rlncf	??_ShowTest^0,f,c
   830   00021A  508A               	movf	138,w,c	;volatile
   831   00021C  1807               	xorwf	??_ShowTest^0,w,c
   832   00021E  0BFB               	andlw	-5
   833   000220  1807               	xorwf	??_ShowTest^0,w,c
   834   000222  6E8A               	movwf	138,c	;volatile
   835   000224                     
   836                           ;Main.c: 50:     LATBbits.LB3 = (linesensor >> 3) & 1;
   837   000224  C009  F007         	movff	_linesensor,??_ShowTest
   838   000228  90D8               	bcf	status,0,c
   839   00022A  3207               	rrcf	??_ShowTest^0,f,c
   840   00022C  90D8               	bcf	status,0,c
   841   00022E  3207               	rrcf	??_ShowTest^0,f,c
   842   000230  90D8               	bcf	status,0,c
   843   000232  3207               	rrcf	??_ShowTest^0,f,c
   844   000234  0E01               	movlw	1
   845   000236  1607               	andwf	??_ShowTest^0,f,c
   846   000238  4607               	rlncf	??_ShowTest^0,f,c
   847   00023A  4607               	rlncf	??_ShowTest^0,f,c
   848   00023C  4607               	rlncf	??_ShowTest^0,f,c
   849   00023E  508A               	movf	138,w,c	;volatile
   850   000240  1807               	xorwf	??_ShowTest^0,w,c
   851   000242  0BF7               	andlw	-9
   852   000244  1807               	xorwf	??_ShowTest^0,w,c
   853   000246  6E8A               	movwf	138,c	;volatile
   854   000248                     
   855                           ;Main.c: 51:     LATBbits.LB4 = (linesensor >> 4) & 1;
   856   000248  C009  F007         	movff	_linesensor,??_ShowTest
   857   00024C  3A07               	swapf	??_ShowTest^0,f,c
   858   00024E  0E0F               	movlw	15
   859   000250  1607               	andwf	??_ShowTest^0,f,c
   860   000252  0E01               	movlw	1
   861   000254  1607               	andwf	??_ShowTest^0,f,c
   862   000256  3A07               	swapf	??_ShowTest^0,f,c
   863   000258  508A               	movf	138,w,c	;volatile
   864   00025A  1807               	xorwf	??_ShowTest^0,w,c
   865   00025C  0BEF               	andlw	-17
   866   00025E  1807               	xorwf	??_ShowTest^0,w,c
   867   000260  6E8A               	movwf	138,c	;volatile
   868   000262                     
   869                           ;Main.c: 52:     LATBbits.LB5 = (linesensor >> 5) & 1;
   870   000262  C009  F007         	movff	_linesensor,??_ShowTest
   871   000266  0E05               	movlw	5
   872   000268  6E08               	movwf	(??_ShowTest+1)^0,c
   873   00026A                     u35:
   874   00026A  90D8               	bcf	status,0,c
   875   00026C  3207               	rrcf	??_ShowTest^0,f,c
   876   00026E  2E08               	decfsz	(??_ShowTest+1)^0,f,c
   877   000270  EF35  F001         	goto	u35
   878   000274  0E01               	movlw	1
   879   000276  1607               	andwf	??_ShowTest^0,f,c
   880   000278  3A07               	swapf	??_ShowTest^0,f,c
   881   00027A  4607               	rlncf	??_ShowTest^0,f,c
   882   00027C  508A               	movf	138,w,c	;volatile
   883   00027E  1807               	xorwf	??_ShowTest^0,w,c
   884   000280  0BDF               	andlw	-33
   885   000282  1807               	xorwf	??_ShowTest^0,w,c
   886   000284  6E8A               	movwf	138,c	;volatile
   887   000286  0012               	return		;funcret
   888   000288                     __end_of_ShowTest:
   889                           	callstack 0
   890                           
   891 ;; *************** function _UpdateLineData *****************
   892 ;; Defined at:
   893 ;;		line 71 in file "I2C7.c"
   894 ;; Parameters:    Size  Location     Type
   895 ;;		None
   896 ;; Auto vars:     Size  Location     Type
   897 ;;		None
   898 ;; Return value:  Size  Location     Type
   899 ;;                  1    wreg      void 
   900 ;; Registers used:
   901 ;;		wreg, status,2, status,0, cstack
   902 ;; Tracked objects:
   903 ;;		On entry : 0/0
   904 ;;		On exit  : 0/0
   905 ;;		Unchanged: 0/0
   906 ;; Data sizes:     COMRAM   BANK0   BANK1
   907 ;;      Params:         0       0       0
   908 ;;      Locals:         0       0       0
   909 ;;      Temps:          0       0       0
   910 ;;      Totals:         0       0       0
   911 ;;Total ram usage:        0 bytes
   912 ;; Hardware stack levels used: 1
   913 ;; Hardware stack levels required when called: 2
   914 ;; This function calls:
   915 ;;		_I2C_Read
   916 ;;		_I2C_RepeatedStart
   917 ;;		_I2C_Start
   918 ;;		_I2C_Stop
   919 ;;		_I2C_Write
   920 ;; This function is called by:
   921 ;;		_ShowTest
   922 ;; This function uses a non-reentrant model
   923 ;;
   924                           
   925                           	psect	text4
   926   0002DA                     __ptext4:
   927                           	callstack 0
   928   0002DA                     _UpdateLineData:
   929                           	callstack 27
   930   0002DA                     
   931                           ;I2C7.c: 74:     I2C_Start();
   932   0002DA  ECF6  F001         	call	_I2C_Start	;wreg free
   933                           
   934                           ;I2C7.c: 75:     I2C_Write(0x7C);
   935   0002DE  0E7C               	movlw	124
   936   0002E0  ECDD  F001         	call	_I2C_Write
   937                           
   938                           ;I2C7.c: 76:     I2C_Write(0x11);
   939   0002E4  0E11               	movlw	17
   940   0002E6  ECDD  F001         	call	_I2C_Write
   941                           
   942                           ;I2C7.c: 77:     I2C_RepeatedStart();
   943   0002EA  ECFA  F001         	call	_I2C_RepeatedStart	;wreg free
   944                           
   945                           ;I2C7.c: 78:     I2C_Write(0x7D);
   946   0002EE  0E7D               	movlw	125
   947   0002F0  ECDD  F001         	call	_I2C_Write
   948                           
   949                           ;I2C7.c: 79:     linesensor=I2C_Read();
   950   0002F4  ECB5  F001         	call	_I2C_Read	;wreg free
   951   0002F8  6E09               	movwf	_linesensor^0,c
   952   0002FA                     
   953                           ;I2C7.c: 80:     LATB=linesensor;
   954   0002FA  C009  FF8A         	movff	_linesensor,3978	;volatile
   955                           
   956                           ;I2C7.c: 81:     I2C_Stop();
   957   0002FE  ECF2  F001         	call	_I2C_Stop	;wreg free
   958   000302  0012               	return		;funcret
   959   000304                     __end_of_UpdateLineData:
   960                           	callstack 0
   961                           
   962 ;; *************** function _I2C_Write *****************
   963 ;; Defined at:
   964 ;;		line 119 in file "I2C7.c"
   965 ;; Parameters:    Size  Location     Type
   966 ;;  write           1    wreg     unsigned char 
   967 ;; Auto vars:     Size  Location     Type
   968 ;;  write           1    1[COMRAM] unsigned char 
   969 ;; Return value:  Size  Location     Type
   970 ;;                  1    wreg      void 
   971 ;; Registers used:
   972 ;;		wreg, status,2, status,0, cstack
   973 ;; Tracked objects:
   974 ;;		On entry : 0/0
   975 ;;		On exit  : 0/0
   976 ;;		Unchanged: 0/0
   977 ;; Data sizes:     COMRAM   BANK0   BANK1
   978 ;;      Params:         0       0       0
   979 ;;      Locals:         1       0       0
   980 ;;      Temps:          0       0       0
   981 ;;      Totals:         1       0       0
   982 ;;Total ram usage:        1 bytes
   983 ;; Hardware stack levels used: 1
   984 ;; Hardware stack levels required when called: 1
   985 ;; This function calls:
   986 ;;		_I2C_checkbus_free
   987 ;; This function is called by:
   988 ;;		_UpdateLineData
   989 ;; This function uses a non-reentrant model
   990 ;;
   991                           
   992                           	psect	text5
   993   0003BA                     __ptext5:
   994                           	callstack 0
   995   0003BA                     _I2C_Write:
   996                           	callstack 27
   997                           
   998                           ;incstack = 0
   999                           ;I2C_Write@write stored from wreg
  1000   0003BA  6E06               	movwf	I2C_Write@write^0,c
  1001   0003BC                     
  1002                           ;I2C7.c: 119: void I2C_Write(unsigned char write);I2C7.c: 120: {;I2C7.c: 121:   I2C_chec
      +                          kbus_free();
  1003   0003BC  EC82  F001         	call	_I2C_checkbus_free	;wreg free
  1004   0003C0                     
  1005                           ;I2C7.c: 122:   SSPBUF = write;
  1006   0003C0  C006  FFC9         	movff	I2C_Write@write,4041	;volatile
  1007   0003C4  0012               	return		;funcret
  1008   0003C6                     __end_of_I2C_Write:
  1009                           	callstack 0
  1010                           
  1011 ;; *************** function _I2C_Stop *****************
  1012 ;; Defined at:
  1013 ;;		line 113 in file "I2C7.c"
  1014 ;; Parameters:    Size  Location     Type
  1015 ;;		None
  1016 ;; Auto vars:     Size  Location     Type
  1017 ;;		None
  1018 ;; Return value:  Size  Location     Type
  1019 ;;                  1    wreg      void 
  1020 ;; Registers used:
  1021 ;;		wreg, status,2, status,0, cstack
  1022 ;; Tracked objects:
  1023 ;;		On entry : 0/0
  1024 ;;		On exit  : 0/0
  1025 ;;		Unchanged: 0/0
  1026 ;; Data sizes:     COMRAM   BANK0   BANK1
  1027 ;;      Params:         0       0       0
  1028 ;;      Locals:         0       0       0
  1029 ;;      Temps:          0       0       0
  1030 ;;      Totals:         0       0       0
  1031 ;;Total ram usage:        0 bytes
  1032 ;; Hardware stack levels used: 1
  1033 ;; Hardware stack levels required when called: 1
  1034 ;; This function calls:
  1035 ;;		_I2C_checkbus_free
  1036 ;; This function is called by:
  1037 ;;		_UpdateLineData
  1038 ;; This function uses a non-reentrant model
  1039 ;;
  1040                           
  1041                           	psect	text6
  1042   0003E4                     __ptext6:
  1043                           	callstack 0
  1044   0003E4                     _I2C_Stop:
  1045                           	callstack 27
  1046   0003E4                     
  1047                           ;I2C7.c: 115:   I2C_checkbus_free();
  1048   0003E4  EC82  F001         	call	_I2C_checkbus_free	;wreg free
  1049   0003E8                     
  1050                           ;I2C7.c: 116:   PEN = 1;
  1051   0003E8  84C5               	bsf	4037,2,c	;volatile
  1052   0003EA  0012               	return		;funcret
  1053   0003EC                     __end_of_I2C_Stop:
  1054                           	callstack 0
  1055                           
  1056 ;; *************** function _I2C_Start *****************
  1057 ;; Defined at:
  1058 ;;		line 101 in file "I2C7.c"
  1059 ;; Parameters:    Size  Location     Type
  1060 ;;		None
  1061 ;; Auto vars:     Size  Location     Type
  1062 ;;		None
  1063 ;; Return value:  Size  Location     Type
  1064 ;;                  1    wreg      void 
  1065 ;; Registers used:
  1066 ;;		wreg, status,2, status,0, cstack
  1067 ;; Tracked objects:
  1068 ;;		On entry : 0/0
  1069 ;;		On exit  : 0/0
  1070 ;;		Unchanged: 0/0
  1071 ;; Data sizes:     COMRAM   BANK0   BANK1
  1072 ;;      Params:         0       0       0
  1073 ;;      Locals:         0       0       0
  1074 ;;      Temps:          0       0       0
  1075 ;;      Totals:         0       0       0
  1076 ;;Total ram usage:        0 bytes
  1077 ;; Hardware stack levels used: 1
  1078 ;; Hardware stack levels required when called: 1
  1079 ;; This function calls:
  1080 ;;		_I2C_checkbus_free
  1081 ;; This function is called by:
  1082 ;;		_UpdateLineData
  1083 ;; This function uses a non-reentrant model
  1084 ;;
  1085                           
  1086                           	psect	text7
  1087   0003EC                     __ptext7:
  1088                           	callstack 0
  1089   0003EC                     _I2C_Start:
  1090                           	callstack 27
  1091   0003EC                     
  1092                           ;I2C7.c: 103:   I2C_checkbus_free();
  1093   0003EC  EC82  F001         	call	_I2C_checkbus_free	;wreg free
  1094   0003F0                     
  1095                           ;I2C7.c: 104:   SEN = 1;
  1096   0003F0  80C5               	bsf	4037,0,c	;volatile
  1097   0003F2  0012               	return		;funcret
  1098   0003F4                     __end_of_I2C_Start:
  1099                           	callstack 0
  1100                           
  1101 ;; *************** function _I2C_RepeatedStart *****************
  1102 ;; Defined at:
  1103 ;;		line 107 in file "I2C7.c"
  1104 ;; Parameters:    Size  Location     Type
  1105 ;;		None
  1106 ;; Auto vars:     Size  Location     Type
  1107 ;;		None
  1108 ;; Return value:  Size  Location     Type
  1109 ;;                  1    wreg      void 
  1110 ;; Registers used:
  1111 ;;		wreg, status,2, status,0, cstack
  1112 ;; Tracked objects:
  1113 ;;		On entry : 0/0
  1114 ;;		On exit  : 0/0
  1115 ;;		Unchanged: 0/0
  1116 ;; Data sizes:     COMRAM   BANK0   BANK1
  1117 ;;      Params:         0       0       0
  1118 ;;      Locals:         0       0       0
  1119 ;;      Temps:          0       0       0
  1120 ;;      Totals:         0       0       0
  1121 ;;Total ram usage:        0 bytes
  1122 ;; Hardware stack levels used: 1
  1123 ;; Hardware stack levels required when called: 1
  1124 ;; This function calls:
  1125 ;;		_I2C_checkbus_free
  1126 ;; This function is called by:
  1127 ;;		_UpdateLineData
  1128 ;; This function uses a non-reentrant model
  1129 ;;
  1130                           
  1131                           	psect	text8
  1132   0003F4                     __ptext8:
  1133                           	callstack 0
  1134   0003F4                     _I2C_RepeatedStart:
  1135                           	callstack 27
  1136   0003F4                     
  1137                           ;I2C7.c: 109:   I2C_checkbus_free();
  1138   0003F4  EC82  F001         	call	_I2C_checkbus_free	;wreg free
  1139   0003F8                     
  1140                           ;I2C7.c: 110:   RSEN = 1;
  1141   0003F8  82C5               	bsf	4037,1,c	;volatile
  1142   0003FA  0012               	return		;funcret
  1143   0003FC                     __end_of_I2C_RepeatedStart:
  1144                           	callstack 0
  1145                           
  1146 ;; *************** function _I2C_Read *****************
  1147 ;; Defined at:
  1148 ;;		line 125 in file "I2C7.c"
  1149 ;; Parameters:    Size  Location     Type
  1150 ;;		None
  1151 ;; Auto vars:     Size  Location     Type
  1152 ;;  temp            1    1[COMRAM] unsigned char 
  1153 ;; Return value:  Size  Location     Type
  1154 ;;                  1    wreg      unsigned char 
  1155 ;; Registers used:
  1156 ;;		wreg, status,2, status,0, cstack
  1157 ;; Tracked objects:
  1158 ;;		On entry : 0/0
  1159 ;;		On exit  : 0/0
  1160 ;;		Unchanged: 0/0
  1161 ;; Data sizes:     COMRAM   BANK0   BANK1
  1162 ;;      Params:         0       0       0
  1163 ;;      Locals:         1       0       0
  1164 ;;      Temps:          0       0       0
  1165 ;;      Totals:         1       0       0
  1166 ;;Total ram usage:        1 bytes
  1167 ;; Hardware stack levels used: 1
  1168 ;; Hardware stack levels required when called: 1
  1169 ;; This function calls:
  1170 ;;		_I2C_checkbus_free
  1171 ;; This function is called by:
  1172 ;;		_UpdateLineData
  1173 ;; This function uses a non-reentrant model
  1174 ;;
  1175                           
  1176                           	psect	text9
  1177   00036A                     __ptext9:
  1178                           	callstack 0
  1179   00036A                     _I2C_Read:
  1180                           	callstack 27
  1181   00036A                     
  1182                           ;I2C7.c: 127:   unsigned char temp;;I2C7.c: 128:   I2C_checkbus_free();
  1183   00036A  EC82  F001         	call	_I2C_checkbus_free	;wreg free
  1184   00036E                     
  1185                           ;I2C7.c: 129:   RCEN = 1;
  1186   00036E  86C5               	bsf	4037,3,c	;volatile
  1187                           
  1188                           ;I2C7.c: 130:   I2C_checkbus_free();
  1189   000370  EC82  F001         	call	_I2C_checkbus_free	;wreg free
  1190   000374                     
  1191                           ;I2C7.c: 131:   temp = SSPBUF;
  1192   000374  CFC9 F006          	movff	4041,I2C_Read@temp	;volatile
  1193                           
  1194                           ;I2C7.c: 132:   I2C_checkbus_free();
  1195   000378  EC82  F001         	call	_I2C_checkbus_free	;wreg free
  1196   00037C                     
  1197                           ;I2C7.c: 133:   ACKEN = 1;
  1198   00037C  88C5               	bsf	4037,4,c	;volatile
  1199   00037E                     
  1200                           ;I2C7.c: 134:   return temp;
  1201   00037E  5006               	movf	I2C_Read@temp^0,w,c
  1202   000380  0012               	return		;funcret
  1203   000382                     __end_of_I2C_Read:
  1204                           	callstack 0
  1205                           
  1206 ;; *************** function _I2C_checkbus_free *****************
  1207 ;; Defined at:
  1208 ;;		line 96 in file "I2C7.c"
  1209 ;; Parameters:    Size  Location     Type
  1210 ;;		None
  1211 ;; Auto vars:     Size  Location     Type
  1212 ;;		None
  1213 ;; Return value:  Size  Location     Type
  1214 ;;                  1    wreg      void 
  1215 ;; Registers used:
  1216 ;;		wreg, status,2, status,0
  1217 ;; Tracked objects:
  1218 ;;		On entry : 0/0
  1219 ;;		On exit  : 0/0
  1220 ;;		Unchanged: 0/0
  1221 ;; Data sizes:     COMRAM   BANK0   BANK1
  1222 ;;      Params:         0       0       0
  1223 ;;      Locals:         0       0       0
  1224 ;;      Temps:          1       0       0
  1225 ;;      Totals:         1       0       0
  1226 ;;Total ram usage:        1 bytes
  1227 ;; Hardware stack levels used: 1
  1228 ;; This function calls:
  1229 ;;		Nothing
  1230 ;; This function is called by:
  1231 ;;		_I2C_Start
  1232 ;;		_I2C_RepeatedStart
  1233 ;;		_I2C_Stop
  1234 ;;		_I2C_Write
  1235 ;;		_I2C_Read
  1236 ;; This function uses a non-reentrant model
  1237 ;;
  1238                           
  1239                           	psect	text10
  1240   000304                     __ptext10:
  1241                           	callstack 0
  1242   000304                     _I2C_checkbus_free:
  1243                           	callstack 27
  1244   000304                     l104:
  1245   000304  B4C7               	btfsc	199,2,c	;volatile
  1246   000306  EF87  F001         	goto	u11
  1247   00030A  EF89  F001         	goto	u10
  1248   00030E                     u11:
  1249   00030E  EF82  F001         	goto	l104
  1250   000312                     u10:
  1251   000312  CFC5 F005          	movff	4037,??_I2C_checkbus_free	;volatile
  1252   000316  0E1F               	movlw	31
  1253   000318  1605               	andwf	??_I2C_checkbus_free^0,f,c
  1254   00031A  A4D8               	btfss	status,2,c
  1255   00031C  EF92  F001         	goto	u21
  1256   000320  EF94  F001         	goto	u20
  1257   000324                     u21:
  1258   000324  EF82  F001         	goto	l104
  1259   000328                     u20:
  1260   000328  0012               	return		;funcret
  1261   00032A                     __end_of_I2C_checkbus_free:
  1262                           	callstack 0
  1263                           
  1264 ;; *************** function _SetUpLEDs *****************
  1265 ;; Defined at:
  1266 ;;		line 24 in file "Main.c"
  1267 ;; Parameters:    Size  Location     Type
  1268 ;;		None
  1269 ;; Auto vars:     Size  Location     Type
  1270 ;;		None
  1271 ;; Return value:  Size  Location     Type
  1272 ;;                  1    wreg      void 
  1273 ;; Registers used:
  1274 ;;		None
  1275 ;; Tracked objects:
  1276 ;;		On entry : 0/0
  1277 ;;		On exit  : 0/0
  1278 ;;		Unchanged: 0/0
  1279 ;; Data sizes:     COMRAM   BANK0   BANK1
  1280 ;;      Params:         0       0       0
  1281 ;;      Locals:         0       0       0
  1282 ;;      Temps:          0       0       0
  1283 ;;      Totals:         0       0       0
  1284 ;;Total ram usage:        0 bytes
  1285 ;; Hardware stack levels used: 1
  1286 ;; This function calls:
  1287 ;;		Nothing
  1288 ;; This function is called by:
  1289 ;;		_main
  1290 ;;		_FlashLEDs
  1291 ;; This function uses a non-reentrant model
  1292 ;;
  1293                           
  1294                           	psect	text11
  1295   0003D2                     __ptext11:
  1296                           	callstack 0
  1297   0003D2                     _SetUpLEDs:
  1298                           	callstack 30
  1299   0003D2                     
  1300                           ;Main.c: 25:     TRISBbits.TRISB2 = 0;
  1301   0003D2  9493               	bcf	147,2,c	;volatile
  1302                           
  1303                           ;Main.c: 26:     TRISBbits.TRISB3 = 0;
  1304   0003D4  9693               	bcf	147,3,c	;volatile
  1305                           
  1306                           ;Main.c: 27:     TRISBbits.TRISB4 = 0;
  1307   0003D6  9893               	bcf	147,4,c	;volatile
  1308                           
  1309                           ;Main.c: 28:     TRISBbits.TRISB5 = 0;
  1310   0003D8  9A93               	bcf	147,5,c	;volatile
  1311   0003DA  0012               	return		;funcret
  1312   0003DC                     __end_of_SetUpLEDs:
  1313                           	callstack 0
  1314                           
  1315 ;; *************** function _PWM_INIT *****************
  1316 ;; Defined at:
  1317 ;;		line 32 in file "PWM10bit_2.c"
  1318 ;; Parameters:    Size  Location     Type
  1319 ;;		None
  1320 ;; Auto vars:     Size  Location     Type
  1321 ;;		None
  1322 ;; Return value:  Size  Location     Type
  1323 ;;                  1    wreg      void 
  1324 ;; Registers used:
  1325 ;;		wreg, status,2, cstack
  1326 ;; Tracked objects:
  1327 ;;		On entry : 0/0
  1328 ;;		On exit  : 0/0
  1329 ;;		Unchanged: 0/0
  1330 ;; Data sizes:     COMRAM   BANK0   BANK1
  1331 ;;      Params:         0       0       0
  1332 ;;      Locals:         0       0       0
  1333 ;;      Temps:          0       0       0
  1334 ;;      Totals:         0       0       0
  1335 ;;Total ram usage:        0 bytes
  1336 ;; Hardware stack levels used: 1
  1337 ;; Hardware stack levels required when called: 1
  1338 ;; This function calls:
  1339 ;;		_configPWM
  1340 ;; This function is called by:
  1341 ;;		_main
  1342 ;; This function uses a non-reentrant model
  1343 ;;
  1344                           
  1345                           	psect	text12
  1346   000382                     __ptext12:
  1347                           	callstack 0
  1348   000382                     _PWM_INIT:
  1349                           	callstack 29
  1350   000382                     
  1351                           ;PWM10bit_2.c: 35:     MovementPWM();
  1352   000382  0E0D               	movlw	13
  1353   000384  6EC1               	movwf	193,c	;volatile
  1354                           
  1355                           ;PWM10bit_2.c: 36:     return;
  1356   000386  0ECF               	movlw	207
  1357   000388  6E92               	movwf	146,c	;volatile
  1358   00038A                     
  1359                           ;PWM10bit_2.c: 37: }
  1360   00038A  6A93               	clrf	147,c	;volatile
  1361                           
  1362                           ;PWM10bit_2.c: 38: 
  1363   00038C  0E39               	movlw	57
  1364   00038E  6E94               	movwf	148,c	;volatile
  1365   000390                     
  1366                           ;PWM10bit_2.c: 39: void configPWM(void){
  1367   000390  6A8A               	clrf	138,c	;volatile
  1368   000392                     
  1369                           ;PWM10bit_2.c: 40: PR2 = 0b11111111 ;
  1370   000392  ECCC  F001         	call	_configPWM	;wreg free
  1371   000396  0012               	return		;funcret
  1372   000398                     __end_of_PWM_INIT:
  1373                           	callstack 0
  1374                           
  1375 ;; *************** function _configPWM *****************
  1376 ;; Defined at:
  1377 ;;		line 60 in file "PWM10bit_2.c"
  1378 ;; Parameters:    Size  Location     Type
  1379 ;;		None
  1380 ;; Auto vars:     Size  Location     Type
  1381 ;;		None
  1382 ;; Return value:  Size  Location     Type
  1383 ;;                  1    wreg      void 
  1384 ;; Registers used:
  1385 ;;		wreg, status,2
  1386 ;; Tracked objects:
  1387 ;;		On entry : 0/0
  1388 ;;		On exit  : 0/0
  1389 ;;		Unchanged: 0/0
  1390 ;; Data sizes:     COMRAM   BANK0   BANK1
  1391 ;;      Params:         0       0       0
  1392 ;;      Locals:         0       0       0
  1393 ;;      Temps:          0       0       0
  1394 ;;      Totals:         0       0       0
  1395 ;;Total ram usage:        0 bytes
  1396 ;; Hardware stack levels used: 1
  1397 ;; This function calls:
  1398 ;;		Nothing
  1399 ;; This function is called by:
  1400 ;;		_PWM_INIT
  1401 ;; This function uses a non-reentrant model
  1402 ;;
  1403                           
  1404                           	psect	text13
  1405   000398                     __ptext13:
  1406                           	callstack 0
  1407   000398                     _configPWM:
  1408                           	callstack 29
  1409   000398  68CB               	setf	203,c	;volatile
  1410   00039A  0E07               	movlw	7
  1411   00039C  6ECA               	movwf	202,c	;volatile
  1412   00039E  0E0C               	movlw	12
  1413   0003A0  6EBD               	movwf	189,c	;volatile
  1414   0003A2  0E0C               	movlw	12
  1415   0003A4  6EBA               	movwf	186,c	;volatile
  1416   0003A6  6ABE               	clrf	190,c	;volatile
  1417   0003A8  6ABB               	clrf	187,c	;volatile
  1418   0003AA  0012               	return		;funcret
  1419   0003AC                     __end_of_configPWM:
  1420                           	callstack 0
  1421                           
  1422 ;; *************** function _I2C_INIT *****************
  1423 ;; Defined at:
  1424 ;;		line 42 in file "I2C7.c"
  1425 ;; Parameters:    Size  Location     Type
  1426 ;;		None
  1427 ;; Auto vars:     Size  Location     Type
  1428 ;;		None
  1429 ;; Return value:  Size  Location     Type
  1430 ;;                  1    wreg      void 
  1431 ;; Registers used:
  1432 ;;		wreg, status,2, cstack
  1433 ;; Tracked objects:
  1434 ;;		On entry : 0/0
  1435 ;;		On exit  : 0/0
  1436 ;;		Unchanged: 0/0
  1437 ;; Data sizes:     COMRAM   BANK0   BANK1
  1438 ;;      Params:         0       0       0
  1439 ;;      Locals:         0       0       0
  1440 ;;      Temps:          0       0       0
  1441 ;;      Totals:         0       0       0
  1442 ;;Total ram usage:        0 bytes
  1443 ;; Hardware stack levels used: 1
  1444 ;; Hardware stack levels required when called: 1
  1445 ;; This function calls:
  1446 ;;		_I2C_Initialise
  1447 ;; This function is called by:
  1448 ;;		_main
  1449 ;; This function uses a non-reentrant model
  1450 ;;
  1451                           
  1452                           	psect	text14
  1453   0003C6                     __ptext14:
  1454                           	callstack 0
  1455   0003C6                     _I2C_INIT:
  1456                           	callstack 29
  1457   0003C6  6894               	setf	148,c	;volatile
  1458   0003C8  6A93               	clrf	147,c	;volatile
  1459   0003CA  6A8A               	clrf	138,c	;volatile
  1460   0003CC  ECD6  F001         	call	_I2C_Initialise	;wreg free
  1461   0003D0  0012               	return		;funcret
  1462   0003D2                     __end_of_I2C_INIT:
  1463                           	callstack 0
  1464                           
  1465 ;; *************** function _I2C_Initialise *****************
  1466 ;; Defined at:
  1467 ;;		line 89 in file "I2C7.c"
  1468 ;; Parameters:    Size  Location     Type
  1469 ;;		None
  1470 ;; Auto vars:     Size  Location     Type
  1471 ;;		None
  1472 ;; Return value:  Size  Location     Type
  1473 ;;                  1    wreg      void 
  1474 ;; Registers used:
  1475 ;;		wreg, status,2
  1476 ;; Tracked objects:
  1477 ;;		On entry : 0/0
  1478 ;;		On exit  : 0/0
  1479 ;;		Unchanged: 0/0
  1480 ;; Data sizes:     COMRAM   BANK0   BANK1
  1481 ;;      Params:         0       0       0
  1482 ;;      Locals:         0       0       0
  1483 ;;      Temps:          0       0       0
  1484 ;;      Totals:         0       0       0
  1485 ;;Total ram usage:        0 bytes
  1486 ;; Hardware stack levels used: 1
  1487 ;; This function calls:
  1488 ;;		Nothing
  1489 ;; This function is called by:
  1490 ;;		_I2C_INIT
  1491 ;; This function uses a non-reentrant model
  1492 ;;
  1493                           
  1494                           	psect	text15
  1495   0003AC                     __ptext15:
  1496                           	callstack 0
  1497   0003AC                     _I2C_Initialise:
  1498                           	callstack 29
  1499   0003AC                     
  1500                           ;I2C7.c: 91:   SSPCON1 = 0b00101000;
  1501   0003AC  0E28               	movlw	40
  1502   0003AE  6EC6               	movwf	198,c	;volatile
  1503   0003B0                     
  1504                           ;I2C7.c: 92:   SSPCON2 = 0;
  1505   0003B0  6AC5               	clrf	197,c	;volatile
  1506                           
  1507                           ;I2C7.c: 93:   SSPADD = 0x63;
  1508   0003B2  0E63               	movlw	99
  1509   0003B4  6EC8               	movwf	200,c	;volatile
  1510   0003B6                     
  1511                           ;I2C7.c: 94:   SSPSTAT = 0;
  1512   0003B6  6AC7               	clrf	199,c	;volatile
  1513   0003B8  0012               	return		;funcret
  1514   0003BA                     __end_of_I2C_Initialise:
  1515                           	callstack 0
  1516                           
  1517                           	psect	smallconst
  1518   000200                     __psmallconst:
  1519                           	callstack 0
  1520   000200  00                 	db	0
  1521   000201  00                 	db	0	; dummy byte at the end
  1522   000200                     __smallconst    set	__psmallconst
  1523   000200                     __mediumconst   set	__psmallconst
  1524   000000                     __activetblptr  equ	0
  1525                           
  1526                           	psect	rparam
  1527   000001                     ___rparam_used  equ	1
  1528   000000                     ___param_bank   equ	0
  1529   000000                     __Lparam        equ	__Lrparam
  1530   000000                     __Hparam        equ	__Hrparam
  1531                           
  1532                           	psect	config
  1533                           
  1534                           ; Padding undefined space
  1535   300000                     	org	3145728
  1536   300000  FF                 	db	255
  1537                           
  1538                           ;Config register CONFIG1H @ 0x300001
  1539                           ;	Oscillator
  1540                           ;	OSC = HS, HS Oscillator
  1541                           ;	Fail-Safe Clock Monitor Enable bit
  1542                           ;	FCMEN = 0x0, unprogrammed default
  1543                           ;	Internal/External Oscillator Switchover bit
  1544                           ;	IESO = 0x0, unprogrammed default
  1545   300001                     	org	3145729
  1546   300001  02                 	db	2
  1547                           
  1548                           ;Config register CONFIG2L @ 0x300002
  1549                           ;	Power-up Timer Enable bit
  1550                           ;	PWRT = ON, PWRT enabled
  1551                           ;	Brown-out Reset Enable bits
  1552                           ;	BOR = 0x3, unprogrammed default
  1553                           ;	Brown-out Reset Voltage bits
  1554                           ;	BORV = 0x3, unprogrammed default
  1555   300002                     	org	3145730
  1556   300002  1E                 	db	30
  1557                           
  1558                           ;Config register CONFIG2H @ 0x300003
  1559                           ;	Watchdog Timer Enable bit
  1560                           ;	WDT = OFF, WDT disabled (control is placed on the SWDTEN bit)
  1561                           ;	Watchdog Timer Postscale Select bits
  1562                           ;	WDTPS = 0xF, unprogrammed default
  1563   300003                     	org	3145731
  1564   300003  1E                 	db	30
  1565                           
  1566                           ;Config register CONFIG4L @ 0x300006
  1567                           ;	Stack Full/Underflow Reset Enable bit
  1568                           ;	STVREN = 0x1, unprogrammed default
  1569                           ;	Single-Supply ICSP Enable bit
  1570                           ;	LVP = OFF, Single-Supply ICSP disabled
  1571                           ;	Boot Block Size Select bits
  1572                           ;	BBSIZ = 0x0, unprogrammed default
  1573                           ;	Extended Instruction Set Enable bit
  1574                           ;	XINST = 0x0, unprogrammed default
  1575                           ;	Background Debugger Enable bit
  1576                           ;	DEBUG = 0x1, unprogrammed default
  1577   300006                     	org	3145734
  1578   300006  81                 	db	129
  1579                           
  1580                           ; Padding undefined space
  1581   300007                     	org	3145735
  1582   300007  FF                 	db	255
  1583                           tosu	equ	0xFFF
  1584                           tosh	equ	0xFFE
  1585                           tosl	equ	0xFFD
  1586                           stkptr	equ	0xFFC
  1587                           pclatu	equ	0xFFB
  1588                           pclath	equ	0xFFA
  1589                           pcl	equ	0xFF9
  1590                           tblptru	equ	0xFF8
  1591                           tblptrh	equ	0xFF7
  1592                           tblptrl	equ	0xFF6
  1593                           tablat	equ	0xFF5
  1594                           prodh	equ	0xFF4
  1595                           prodl	equ	0xFF3
  1596                           indf0	equ	0xFEF
  1597                           postinc0	equ	0xFEE
  1598                           postdec0	equ	0xFED
  1599                           preinc0	equ	0xFEC
  1600                           plusw0	equ	0xFEB
  1601                           fsr0h	equ	0xFEA
  1602                           fsr0l	equ	0xFE9
  1603                           wreg	equ	0xFE8
  1604                           indf1	equ	0xFE7
  1605                           postinc1	equ	0xFE6
  1606                           postdec1	equ	0xFE5
  1607                           preinc1	equ	0xFE4
  1608                           plusw1	equ	0xFE3
  1609                           fsr1h	equ	0xFE2
  1610                           fsr1l	equ	0xFE1
  1611                           bsr	equ	0xFE0
  1612                           indf2	equ	0xFDF
  1613                           postinc2	equ	0xFDE
  1614                           postdec2	equ	0xFDD
  1615                           preinc2	equ	0xFDC
  1616                           plusw2	equ	0xFDB
  1617                           fsr2h	equ	0xFDA
  1618                           fsr2l	equ	0xFD9
  1619                           status	equ	0xFD8

Data Sizes:
    Strings     0
    Constant    0
    Data        0
    BSS         1
    Persistent  4
    Stack       0

Auto Spaces:
    Space          Size  Autos    Used
    COMRAM          127      4       9
    BANK0           128      0       0
    BANK1           256      0       0

Pointer List with Targets:

    None.

Critical Paths under _main in COMRAM

    _main->_ShowTest
    _main->_goforward
    _goforward->_MovementPWM
    _UpdateLineData->_I2C_Read
    _UpdateLineData->_I2C_Write
    _I2C_Write->_I2C_checkbus_free
    _I2C_Stop->_I2C_checkbus_free
    _I2C_Start->_I2C_checkbus_free
    _I2C_RepeatedStart->_I2C_checkbus_free
    _I2C_Read->_I2C_checkbus_free

Critical Paths under _main in BANK0

    None.

Critical Paths under _main in BANK1

    None.

Call Graph Tables:

 ---------------------------------------------------------------------------------
 (Depth) Function   	        Calls       Base Space   Used Autos Params    Refs
 ---------------------------------------------------------------------------------
 (0) _main                                                 2     2      0      98
                           _I2C_INIT
                           _PWM_INIT
                          _SetUpLEDs
                           _ShowTest
                          _goforward
 ---------------------------------------------------------------------------------
 (1) _goforward                                            2     0      2      45
                                              2 COMRAM     2     0      2
                        _MovementPWM
 ---------------------------------------------------------------------------------
 (2) _MovementPWM                                          2     2      0       0
                                              0 COMRAM     2     2      0
 ---------------------------------------------------------------------------------
 (1) _ShowTest                                             2     2      0      30
                                              2 COMRAM     2     2      0
                     _UpdateLineData
 ---------------------------------------------------------------------------------
 (2) _UpdateLineData                                       0     0      0      30
                           _I2C_Read
                  _I2C_RepeatedStart
                          _I2C_Start
                           _I2C_Stop
                          _I2C_Write
 ---------------------------------------------------------------------------------
 (3) _I2C_Write                                            1     1      0      15
                                              1 COMRAM     1     1      0
                  _I2C_checkbus_free
 ---------------------------------------------------------------------------------
 (3) _I2C_Stop                                             0     0      0       0
                  _I2C_checkbus_free
 ---------------------------------------------------------------------------------
 (3) _I2C_Start                                            0     0      0       0
                  _I2C_checkbus_free
 ---------------------------------------------------------------------------------
 (3) _I2C_RepeatedStart                                    0     0      0       0
                  _I2C_checkbus_free
 ---------------------------------------------------------------------------------
 (3) _I2C_Read                                             1     1      0      15
                                              1 COMRAM     1     1      0
                  _I2C_checkbus_free
 ---------------------------------------------------------------------------------
 (4) _I2C_checkbus_free                                    1     1      0       0
                                              0 COMRAM     1     1      0
 ---------------------------------------------------------------------------------
 (1) _SetUpLEDs                                            0     0      0       0
 ---------------------------------------------------------------------------------
 (1) _PWM_INIT                                             0     0      0       0
                          _configPWM
 ---------------------------------------------------------------------------------
 (2) _configPWM                                            0     0      0       0
 ---------------------------------------------------------------------------------
 (1) _I2C_INIT                                             0     0      0       0
                     _I2C_Initialise
 ---------------------------------------------------------------------------------
 (2) _I2C_Initialise                                       0     0      0       0
 ---------------------------------------------------------------------------------
 Estimated maximum stack depth 4
 ---------------------------------------------------------------------------------

 Call Graph Graphs:

 _main (ROOT)
   _I2C_INIT
     _I2C_Initialise
   _PWM_INIT
     _configPWM
   _SetUpLEDs
   _ShowTest
     _UpdateLineData
       _I2C_Read
         _I2C_checkbus_free
       _I2C_RepeatedStart
         _I2C_checkbus_free
       _I2C_Start
         _I2C_checkbus_free
       _I2C_Stop
         _I2C_checkbus_free
       _I2C_Write
         _I2C_checkbus_free
   _goforward
     _MovementPWM

Address spaces:
Name               Size   Autos  Total    Usage
BIGRAM             511      0       0      0.0%
BITBANK1           256      0       0      0.0%
BANK1              256      0       0      0.0%
BITBANK0           128      0       0      0.0%
BANK0              128      0       0      0.0%
BITCOMRAM          127      0       0      0.0%
COMRAM             127      4       9      7.1%
BITBIGSFRlh         59      0       0      0.0%
BITBIGSFRh          58      0       0      0.0%
BITBIGSFRll          9      0       0      0.0%
STACK                0      0       0      0.0%
DATA                 0      0       9      0.0%


Microchip Technology PIC18 Macro Assembler V3.10 build 20250813170317 
Symbol Table                                                                                   Thu Mar 12 16:54:36 2026

                       l41 0396                         l50 02D8                         l44 0368  
                       l47 03AA                         l95 03D0                         l98 0302  
                       u10 0312                         u11 030E                         u20 0328  
                       u21 0324                         u35 026A           ??_UpdateLineData 0007  
                      l101 03B8                        l110 03F2                        l104 0304  
                      l113 03FA                        l122 0380                        l107 0328  
                      l116 03EA                        l151 03DA                        l119 03C4  
                      l160 0286                        l165 0336                        l960 03F0  
                      l954 0304                        l970 036A                        l962 03BC  
                      l956 0312                        l972 036E                        l964 03C0  
                      l990 03A6                        l974 0374                        l966 03F4  
                      l958 03EC                        l982 03E4                        l992 03A8  
                      l976 037C                        l968 03F8                        l984 03E8  
                      l986 0398                        l978 037E                        l988 039A  
                      l996 0288                        _PR2 0FCB                        _PEN 7E2A  
                      _SEN 7E28                       l1000 03AC                       l1002 03B0  
                     l1010 0382                       l1004 03B6                       l1012 038A  
                     l1014 0390                       l1006 02DA                       l1030 0202  
                     l1024 03C6                       l1016 0392                       l1008 02FA  
                     l1032 0206                       l1026 03CC                       l1034 0224  
                     l1028 03D2                       l1036 0248                       l1038 0262  
                     l1080 032A                       l1074 034C                       l1082 0332  
                     l1076 0364                       l1084 0336                       l1086 0340  
                     _LATB 0F8A                       _RCEN 7E2B                       _RSEN 7E29  
         __end_of_I2C_INIT 03D2                       _main 032A           __end_of_I2C_Read 0382  
         __end_of_I2C_Stop 03EC                       start 0FFC               ___param_bank 0000  
                    ?_main 0005                      _ACKEN 7E2C                      _T2CON 0FCA  
                    _TRISA 0F92                      _TRISB 0F93                      _TRISC 0F94  
         __end_of_PWM_INIT 0398          __end_of_I2C_Start 03F4          __end_of_I2C_Write 03C6  
                    status 0FD8            __initialization 03DC               __end_of_main 034C  
                   ??_main 0009              __activetblptr 0000           __end_of_ShowTest 0288  
                   _ADCON1 0FC1                     _CCPR1L 0FBE                     _CCPR2L 0FBB  
                   _SSPADD 0FC8                     _SSPBUF 0FC9              ??_MovementPWM 0005  
                   isa$std 0001                  ?_I2C_INIT 0005                  ?_I2C_Read 0005  
                ?_I2C_Stop 0005               __mediumconst 0200                 __accesstop 0080  
  __end_of__initialization 03DE              ___rparam_used 0001             __pcstackCOMRAM 0005  
      __end_of_MovementPWM 02DA                  ?_PWM_INIT 0005                 ??_I2C_INIT 0005  
               ??_I2C_Read 0006                 ??_I2C_Stop 0006          __end_of_SetUpLEDs 03DC  
               __pnvCOMRAM 0001               I2C_Read@temp 0006                  ?_ShowTest 0005  
                  _CCP1CON 0FBD                    _CCP2CON 0FBA                 ??_PWM_INIT 0005  
           goforward@Speed 0007                    _SSPCON1 0FC6                    _SSPCON2 0FC5  
                  _SSPSTAT 0FC7                  _I2C_Start 03EC                  _I2C_Write 03BA  
                  __Hparam 0000                _MovementPWM 0288                    __Lparam 0000  
        __end_of_configPWM 03AC                 ??_ShowTest 0007               __psmallconst 0200  
               _markspaceL 0003                 _markspaceR 0001                    __pcinit 03DC  
           _I2C_Initialise 03AC                    __ramtop 0200                    __ptext0 032A  
                  __ptext1 034C                    __ptext2 0288                    __ptext3 0202  
                  __ptext4 02DA                    __ptext5 03BA                    __ptext6 03E4  
                  __ptext7 03EC                    __ptext8 03F4                    __ptext9 036A  
        __end_of_goforward 036A                 _linesensor 0009       end_of_initialization 03DE  
               ?_I2C_Start 0005                 ?_I2C_Write 0005     __end_of_I2C_Initialise 03BA  
                _TRISBbits 0F93            ?_I2C_Initialise 0005        start_initialization 03DC  
                _SetUpLEDs 03D2                ??_I2C_Start 0006                ??_I2C_Write 0006  
        _I2C_RepeatedStart 03F4         ?_I2C_RepeatedStart 0005             I2C_Write@write 0006  
              __pbssCOMRAM 0009        ??_I2C_RepeatedStart 0006             _UpdateLineData 02DA  
               ?_SetUpLEDs 0005               ?_MovementPWM 0005  __end_of_I2C_RepeatedStart 03FC  
                _configPWM 0398          _I2C_checkbus_free 0304                   _I2C_INIT 03C6  
              __smallconst 0200                   _I2C_Read 036A                   _I2C_Stop 03E4  
       ?_I2C_checkbus_free 0005     __end_of_UpdateLineData 0304                  _goforward 034C  
      ??_I2C_checkbus_free 0005                   _LATAbits 0F89                   _LATBbits 0F8A  
               ?_configPWM 0005  __end_of_I2C_checkbus_free 032A                   _PWM_INIT 0382  
          ?_UpdateLineData 0005                 ?_goforward 0007                ??_SetUpLEDs 0005  
         ??_I2C_Initialise 0005                   __Hrparam 0000                   __Lrparam 0000  
                 _ShowTest 0202                   __ptext10 0304                   __ptext11 03D2  
                 __ptext12 0382                   __ptext13 0398                   __ptext14 03C6  
                 __ptext15 03AC                   isa$xinst 0000                ??_configPWM 0005  
              ??_goforward 0009  
